Component: ARM Compiler 5.05 update 1 (build 106) Tool: armlink [4d0efa]

==============================================================================

Section Cross References

    main.o(i.TIM1_UP_IRQHandler) refers to stm32f10x_tim.o(i.TIM_GetITStatus) for TIM_GetITStatus
    main.o(i.TIM1_UP_IRQHandler) refers to stm32f10x_tim.o(i.TIM_ClearITPendingBit) for TIM_ClearITPendingBit
    main.o(i.TIM1_UP_IRQHandler) refers to user_adc.o(i.Get_Adc) for Get_Adc
    main.o(i.TIM1_UP_IRQHandler) refers to user_position.o(i.HALL_Position_Deal) for HALL_Position_Deal
    main.o(i.TIM1_UP_IRQHandler) refers to stm32f10x_tim.o(i.TIM_SetCompare1) for TIM_SetCompare1
    main.o(i.TIM1_UP_IRQHandler) refers to stm32f10x_tim.o(i.TIM_SetCompare2) for TIM_SetCompare2
    main.o(i.TIM1_UP_IRQHandler) refers to stm32f10x_tim.o(i.TIM_SetCompare3) for TIM_SetCompare3
    main.o(i.TIM1_UP_IRQHandler) refers to user_position.o(i.HALL_PWM_Deal) for HALL_PWM_Deal
    main.o(i.TIM1_UP_IRQHandler) refers to main.o(.data) for test_yyb_main_ISR
    main.o(i.TIM1_UP_IRQHandler) refers to user_fault.o(.data) for fault_word
    main.o(i.TIM1_UP_IRQHandler) refers to user_foc.o(.data) for Mode_en
    main.o(i.Task_100ms) refers to main.o(.data) for gu16_time_bngCnt
    main.o(i.Task_10ms) refers to user_can.o(i.Can_Receive_Msg) for Can_Receive_Msg
    main.o(i.Task_10ms) refers to user_can.o(i.Can_Send_Msg_14) for Can_Send_Msg_14
    main.o(i.Task_10ms) refers to user_can.o(i.Can_Send_Msg_13) for Can_Send_Msg_13
    main.o(i.Task_10ms) refers to main.o(.data) for gu16_time_bngCnt
    main.o(i.Task_1ms) refers to user_fault.o(i.FaultDetect_1ms) for FaultDetect_1ms
    main.o(i.Task_1ms) refers to user_position.o(i.Speed_Filt) for Speed_Filt
    main.o(i.Task_1ms) refers to user_foc.o(i.ModeControl) for ModeControl
    main.o(i.Task_1ms) refers to user_position.o(i.Position_Calc) for Position_Calc
    main.o(i.Task_1ms) refers to main.o(.data) for test_yyb_main
    main.o(i.main) refers to delay.o(i.delay_init) for delay_init
    main.o(i.main) refers to stm32f10x_gpio.o(i.GPIO_PinRemapConfig) for GPIO_PinRemapConfig
    main.o(i.main) refers to user_pwm.o(i.PWM_Configuration) for PWM_Configuration
    main.o(i.main) refers to user_time.o(i.TIME_Configuration) for TIME_Configuration
    main.o(i.main) refers to user_position.o(i.POSITION_Configuration) for POSITION_Configuration
    main.o(i.main) refers to user_adc.o(i.DMA_Configuration) for DMA_Configuration
    main.o(i.main) refers to user_adc.o(i.ADC_Configuration) for ADC_Configuration
    main.o(i.main) refers to delay.o(i.delay_ms) for delay_ms
    main.o(i.main) refers to user_can.o(i.CAN_Configuration) for CAN_Configuration
    main.o(i.main) refers to drv8305.o(i.DRV8305_Init) for DRV8305_Init
    main.o(i.main) refers to user_pwm.o(i.PWM_Enable) for PWM_Enable
    main.o(i.main) refers to rs485.o(i.RS485_Init) for RS485_Init
    main.o(i.main) refers to drv8305.o(i.DRV8305_Set) for DRV8305_Set
    main.o(i.main) refers to user_adc.o(i.ADC_user_Init) for ADC_user_Init
    main.o(i.main) refers to user_foc.o(i.Foc_Init) for Foc_Init
    main.o(i.main) refers to user_position.o(i.POSITION_INIT) for POSITION_INIT
    main.o(i.main) refers to user_adc.o(i.Adc_ZeroCalc) for Adc_ZeroCalc
    main.o(i.main) refers to main.o(i.Task_1ms) for Task_1ms
    main.o(i.main) refers to main.o(i.Task_10ms) for Task_10ms
    main.o(i.main) refers to main.o(i.Task_100ms) for Task_100ms
    main.o(i.main) refers to user_fault.o(.data) for fault_word
    main.o(i.main) refers to main.o(.data) for gu16_time_1ms_Flag
    stm32f10x_it.o(i.EXTI9_5_IRQHandler) refers to stm32f10x_exti.o(i.EXTI_GetITStatus) for EXTI_GetITStatus
    stm32f10x_it.o(i.EXTI9_5_IRQHandler) refers to user_position.o(i.HALL_Position_Deal) for HALL_Position_Deal
    stm32f10x_it.o(i.EXTI9_5_IRQHandler) refers to stm32f10x_tim.o(i.TIM_SetCompare1) for TIM_SetCompare1
    stm32f10x_it.o(i.EXTI9_5_IRQHandler) refers to stm32f10x_tim.o(i.TIM_SetCompare2) for TIM_SetCompare2
    stm32f10x_it.o(i.EXTI9_5_IRQHandler) refers to stm32f10x_tim.o(i.TIM_SetCompare3) for TIM_SetCompare3
    stm32f10x_it.o(i.EXTI9_5_IRQHandler) refers to user_position.o(i.HALL_PWM_Deal) for HALL_PWM_Deal
    stm32f10x_it.o(i.EXTI9_5_IRQHandler) refers to stm32f10x_exti.o(i.EXTI_ClearITPendingBit) for EXTI_ClearITPendingBit
    stm32f10x_it.o(i.EXTI9_5_IRQHandler) refers to user_fault.o(.data) for fault_word
    stm32f10x_it.o(i.EXTI9_5_IRQHandler) refers to user_foc.o(.data) for Mode_en
    stm32f10x_it.o(i.TIM3_IRQHandler) refers to stm32f10x_tim.o(i.TIM_GetITStatus) for TIM_GetITStatus
    stm32f10x_it.o(i.TIM3_IRQHandler) refers to stm32f10x_tim.o(i.TIM_ClearITPendingBit) for TIM_ClearITPendingBit
    stm32f10x_it.o(i.TIM3_IRQHandler) refers to main.o(.data) for gu16_time_1ms_Flag
    system_stm32f10x.o(i.SetSysClock) refers to system_stm32f10x.o(i.SetSysClockTo72) for SetSysClockTo72
[...]
    ../clib/armsys.c                         0x00000000   Number         0  no_argv.o ABSOLUTE
    ../clib/armsys.c                         0x00000000   Number         0  argv_veneer.o ABSOLUTE
    ../clib/armsys.c                         0x00000000   Number         0  _get_argv_nomalloc.o ABSOLUTE
    ../clib/armsys.c                         0x00000000   Number         0  argv_veneer.o ABSOLUTE
    ../clib/heapalloc.c                      0x00000000   Number         0  hrguard.o ABSOLUTE
    ../clib/heapaux.c                        0x00000000   Number         0  heapauxi.o ABSOLUTE
    ../clib/libinit.s                        0x00000000   Number         0  libshutdown.o ABSOLUTE
    ../clib/libinit.s                        0x00000000   Number         0  libinit.o ABSOLUTE
    ../clib/libinit.s                        0x00000000   Number         0  libshutdown2.o ABSOLUTE
    ../clib/libinit.s                        0x00000000   Number         0  libinit2.o ABSOLUTE
    ../clib/longlong.s                       0x00000000   Number         0  llsdiv.o ABSOLUTE
    ../clib/longlong.s                       0x00000000   Number         0  lludivv7m.o ABSOLUTE
    ../clib/signal.c                         0x00000000   Number         0  defsig_abrt_inner.o ABSOLUTE
    ../clib/signal.c                         0x00000000   Number         0  defsig_rtmem_outer.o ABSOLUTE
    ../clib/signal.c                         0x00000000   Number         0  defsig_exit.o ABSOLUTE
    ../clib/signal.c                         0x00000000   Number         0  __raise.o ABSOLUTE
    ../clib/signal.c                         0x00000000   Number         0  defsig_general.o ABSOLUTE
    ../clib/signal.c                         0x00000000   Number         0  defsig_fpe_inner.o ABSOLUTE
    ../clib/signal.c                         0x00000000   Number         0  defsig_fpe_formal.o ABSOLUTE
    ../clib/signal.c                         0x00000000   Number         0  defsig_fpe_outer.o ABSOLUTE
    ../clib/signal.c                         0x00000000   Number         0  defsig_rtmem_formal.o ABSOLUTE
    ../clib/signal.c                         0x00000000   Number         0  defsig_other.o ABSOLUTE
    ../clib/signal.c                         0x00000000   Number         0  defsig_segv_inner.o ABSOLUTE
    ../clib/signal.c                         0x00000000   Number         0  defsig_cppl_inner.o ABSOLUTE
    ../clib/signal.c                         0x00000000   Number         0  defsig_pvfn_inner.o ABSOLUTE
    ../clib/signal.c                         0x00000000   Number         0  defsig_stak_inner.o ABSOLUTE
    ../clib/signal.c                         0x00000000   Number         0  defsig_rtmem_inner.o ABSOLUTE
    ../clib/signal.c                         0x00000000   Number         0  defsig_rtred_inner.o ABSOLUTE
    ../clib/signal.s                         0x00000000   Number         0  defsig.o ABSOLUTE
    ../clib/stdlib.c                         0x00000000   Number         0  exit.o ABSOLUTE
    ../fplib/d2f.s                           0x00000000   Number         0  d2f.o ABSOLUTE
    ../fplib/ddiv.s                          0x00000000   Number         0  ddiv.o ABSOLUTE
    ../fplib/dfixu.s                         0x00000000   Number         0  dfixu.o ABSOLUTE
    ../fplib/dflt.s                          0x00000000   Number         0  dflt_clz.o ABSOLUTE
    ../fplib/dmul.s                          0x00000000   Number         0  dmul.o ABSOLUTE
    ../fplib/dnaninf.s                       0x00000000   Number         0  dnaninf.o ABSOLUTE
    ../fplib/dretinf.s                       0x00000000   Number         0  dretinf.o ABSOLUTE
    ../fplib/f2d.s                           0x00000000   Number         0  f2d.o ABSOLUTE
    ../fplib/ffix.s                          0x00000000   Number         0  ffix.o ABSOLUTE
    ../fplib/fflt.s                          0x00000000   Number         0  fflt_clz.o ABSOLUTE
    ../fplib/fmul.s                          0x00000000   Number         0  fmul.o ABSOLUTE
    ../fplib/fnaninf.s                       0x00000000   Number         0  fnaninf.o ABSOLUTE
    ../fplib/fpinit.s                        0x00000000   Number         0  fpinit.o ABSOLUTE
    ../fplib/fretinf.s                       0x00000000   Number         0  fretinf.o ABSOLUTE
    ../fplib/usenofp.s                       0x00000000   Number         0  usenofp.o ABSOLUTE
    Application\main.c                       0x00000000   Number         0  main.o ABSOLUTE
    Application\stm32f10x_it.c               0x00000000   Number         0  stm32f10x_it.o ABSOLUTE
    Application\system_stm32f10x.c           0x00000000   Number         0  system_stm32f10x.o ABSOLUTE
    CORE\\core_cm3.c                         0x00000000   Number         0  core_cm3.o ABSOLUTE
    CORE\core_cm3.c                          0x00000000   Number         0  core_cm3.o ABSOLUTE
    CORE\startup_stm32f10x_hd.s              0x00000000   Number         0  startup_stm32f10x_hd.o ABSOLUTE
    STM32F10x_FWLib\src\misc.c               0x00000000   Number         0  misc.o ABSOLUTE
    STM32F10x_FWLib\src\stm32f10x_adc.c      0x00000000   Number         0  stm32f10x_adc.o ABSOLUTE
    STM32F10x_FWLib\src\stm32f10x_bkp.c      0x00000000   Number         0  stm32f10x_bkp.o ABSOLUTE
    STM32F10x_FWLib\src\stm32f10x_can.c      0x00000000   Number         0  stm32f10x_can.o ABSOLUTE
    STM32F10x_FWLib\src\stm32f10x_cec.c      0x00000000   Number         0  stm32f10x_cec.o ABSOLUTE
    STM32F10x_FWLib\src\stm32f10x_crc.c      0x00000000   Number         0  stm32f10x_crc.o ABSOLUTE
    STM32F10x_FWLib\src\stm32f10x_dac.c      0x00000000   Number         0  stm32f10x_dac.o ABSOLUTE
    STM32F10x_FWLib\src\stm32f10x_dbgmcu.c   0x00000000   Number         0  stm32f10x_dbgmcu.o ABSOLUTE
    STM32F10x_FWLib\src\stm32f10x_dma.c      0x00000000   Number         0  stm32f10x_dma.o ABSOLUTE
    STM32F10x_FWLib\src\stm32f10x_exti.c     0x00000000   Number         0  stm32f10x_exti.o ABSOLUTE
    STM32F10x_FWLib\src\stm32f10x_flash.c    0x00000000   Number         0  stm32f10x_flash.o ABSOLUTE
    STM32F10x_FWLib\src\stm32f10x_fsmc.c     0x00000000   Number         0  stm32f10x_fsmc.o ABSOLUTE
    STM32F10x_FWLib\src\stm32f10x_gpio.c     0x00000000   Number         0  stm32f10x_gpio.o ABSOLUTE
    STM32F10x_FWLib\src\stm32f10x_i2c.c      0x00000000   Number         0  stm32f10x_i2c.o ABSOLUTE
    STM32F10x_FWLib\src\stm32f10x_iwdg.c     0x00000000   Number         0  stm32f10x_iwdg.o ABSOLUTE
    STM32F10x_FWLib\src\stm32f10x_pwr.c      0x00000000   Number         0  stm32f10x_pwr.o ABSOLUTE
    STM32F10x_FWLib\src\stm32f10x_rcc.c      0x00000000   Number         0  stm32f10x_rcc.o ABSOLUTE
    STM32F10x_FWLib\src\stm32f10x_rtc.c      0x00000000   Number         0  stm32f10x_rtc.o ABSOLUTE
    STM32F10x_FWLib\src\stm32f10x_sdio.c     0x00000000   Number         0  stm32f10x_sdio.o ABSOLUTE
    STM32F10x_FWLib\src\stm32f10x_spi.c      0x00000000   Number         0  stm32f10x_spi.o ABSOLUTE
    STM32F10x_FWLib\src\stm32f10x_tim.c      0x00000000   Number         0  stm32f10x_tim.o ABSOLUTE
    STM32F10x_FWLib\src\stm32f10x_usart.c    0x00000000   Number         0  stm32f10x_usart.o ABSOLUTE
    STM32F10x_FWLib\src\stm32f10x_wwdg.c     0x00000000   Number         0  stm32f10x_wwdg.o ABSOLUTE
    SYSTEM\\sys\\sys.c                       0x00000000   Number         0  sys.o ABSOLUTE
    SYSTEM\delay\delay.c                     0x00000000   Number         0  delay.o ABSOLUTE
    SYSTEM\sys\sys.c                         0x00000000   Number         0  sys.o ABSOLUTE
    User\DRV8305.c                           0x00000000   Number         0  drv8305.o ABSOLUTE
    User\math.c                              0x00000000   Number         0  math.o ABSOLUTE
    User\rs485.c                             0x00000000   Number         0  rs485.o ABSOLUTE
    User\user_adc.c                          0x00000000   Number         0  user_adc.o ABSOLUTE
    User\user_can.c                          0x00000000   Number         0  user_can.o ABSOLUTE
    User\user_fault.c                        0x00000000   Number         0  user_fault.o ABSOLUTE
    User\user_foc.c                          0x00000000   Number         0  user_foc.o ABSOLUTE
    User\user_gpio.c                         0x00000000   Number         0  user_gpio.o ABSOLUTE
    User\user_nvic.c                         0x00000000   Number         0  user_nvic.o ABSOLUTE
    User\user_position.c                     0x00000000   Number         0  user_position.o ABSOLUTE
    User\user_pwm.c                          0x00000000   Number         0  user_pwm.o ABSOLUTE
    User\user_rcc.c                          0x00000000   Number         0  user_rcc.o ABSOLUTE
    User\user_time.c                         0x00000000   Number         0  user_time.o ABSOLUTE
    dc.s                                     0x00000000   Number         0  dc.o ABSOLUTE
    RESET                                    0x08000000   Section      304  startup_stm32f10x_hd.o(RESET)
    !!!main                                  0x08000130   Section        8  __main.o(!!!main)
    !!!scatter                               0x08000138   Section       52  __scatter.o(!!!scatter)
    !!handler_copy                           0x0800016c   Section       26  __scatter_copy.o(!!handler_copy)
    !!handler_zi                             0x08000188   Section       28  __scatter_zi.o(!!handler_zi)
    .ARM.Collect$$libinit$$00000000          0x080001a4   Section        2  libinit.o(.ARM.Collect$$libinit$$00000000)
    .ARM.Collect$$libinit$$00000002          0x080001a6   Section        0  libinit2.o(.ARM.Collect$$libinit$$00000002)
    .ARM.Collect$$libinit$$00000004          0x080001a6   Section        0  libinit2.o(.ARM.Collect$$libinit$$00000004)
    .ARM.Collect$$libinit$$0000000A          0x080001a6   Section        0  libinit2.o(.ARM.Collect$$libinit$$0000000A)
    .ARM.Collect$$libinit$$0000000C          0x080001a6   Section        0  libinit2.o(.ARM.Collect$$libinit$$0000000C)
    .ARM.Collect$$libinit$$0000000E          0x080001a6   Section        0  libinit2.o(.ARM.Collect$$libinit$$0000000E)
    .ARM.Collect$$libinit$$00000011          0x080001a6   Section        0  libinit2.o(.ARM.Collect$$libinit$$00000011)
    .ARM.Collect$$libinit$$00000013          0x080001a6   Section        0  libinit2.o(.ARM.Collect$$libinit$$00000013)
    .ARM.Collect$$libinit$$00000015          0x080001a6   Section        0  libinit2.o(.ARM.Collect$$libinit$$00000015)
    .ARM.Collect$$libinit$$00000017          0x080001a6   Section        0  libinit2.o(.ARM.Collect$$libinit$$00000017)
    .ARM.Collect$$libinit$$00000019          0x080001a6   Section        0  libinit2.o(.ARM.Collect$$libinit$$00000019)
    .ARM.Collect$$libinit$$0000001B          0x080001a6   Section        0  libinit2.o(.ARM.Collect$$libinit$$0000001B)
    .ARM.Collect$$libinit$$0000001D          0x080001a6   Section        0  libinit2.o(.ARM.Collect$$libinit$$0000001D)
    .ARM.Collect$$libinit$$0000001F          0x080001a6   Section        0  libinit2.o(.ARM.Collect$$libinit$$0000001F)
    .ARM.Collect$$libinit$$00000021          0x080001a6   Section        0  libinit2.o(.ARM.Collect$$libinit$$00000021)
    .ARM.Collect$$libinit$$00000023          0x080001a6   Section        0  libinit2.o(.ARM.Collect$$libinit$$00000023)
    .ARM.Collect$$libinit$$00000025          0x080001a6   Section        0  libinit2.o(.ARM.Collect$$libinit$$00000025)
    .ARM.Collect$$libinit$$0000002C          0x080001a6   Section        0  libinit2.o(.ARM.Collect$$libinit$$0000002C)
    .ARM.Collect$$libinit$$0000002E          0x080001a6   Section        0  libinit2.o(.ARM.Collect$$libinit$$0000002E)
    .ARM.Collect$$libinit$$00000030          0x080001a6   Section        0  libinit2.o(.ARM.Collect$$libinit$$00000030)
    .ARM.Collect$$libinit$$00000032          0x080001a6   Section        0  libinit2.o(.ARM.Collect$$libinit$$00000032)
    .ARM.Collect$$libinit$$00000033          0x080001a6   Section        2  libinit2.o(.ARM.Collect$$libinit$$00000033)
    .ARM.Collect$$libshutdown$$00000000      0x080001a8   Section        2  libshutdown.o(.ARM.Collect$$libshutdown$$00000000)
    .ARM.Collect$$libshutdown$$00000003      0x080001aa   Section        0  libshutdown2.o(.ARM.Collect$$libshutdown$$00000003)
    .ARM.Collect$$libshutdown$$00000006      0x080001aa   Section        0  libshutdown2.o(.ARM.Collect$$libshutdown$$00000006)
    .ARM.Collect$$libshutdown$$00000009      0x080001aa   Section        0  libshutdown2.o(.ARM.Collect$$libshutdown$$00000009)
    .ARM.Collect$$libshutdown$$0000000B      0x080001aa   Section        0  libshutdown2.o(.ARM.Collect$$libshutdown$$0000000B)
    .ARM.Collect$$libshutdown$$0000000E      0x080001aa   Section        0  libshutdown2.o(.ARM.Collect$$libshutdown$$0000000E)
    .ARM.Collect$$libshutdown$$0000000F      0x080001aa   Section        2  libshutdown2.o(.ARM.Collect$$libshutdown$$0000000F)
    .ARM.Collect$$rtentry$$00000000          0x080001ac   Section        0  __rtentry.o(.ARM.Collect$$rtentry$$00000000)
    .ARM.Collect$$rtentry$$00000002          0x080001ac   Section        0  __rtentry2.o(.ARM.Collect$$rtentry$$00000002)
    .ARM.Collect$$rtentry$$00000004          0x080001ac   Section        6  __rtentry4.o(.ARM.Collect$$rtentry$$00000004)
    .ARM.Collect$$rtentry$$00000009          0x080001b2   Section        0  __rtentry2.o(.ARM.Collect$$rtentry$$00000009)
    .ARM.Collect$$rtentry$$0000000A          0x080001b2   Section        4  __rtentry2.o(.ARM.Collect$$rtentry$$0000000A)
    .ARM.Collect$$rtentry$$0000000C          0x080001b6   Section        0  __rtentry2.o(.ARM.Collect$$rtentry$$0000000C)
    .ARM.Collect$$rtentry$$0000000D          0x080001b6   Section        8  __rtentry2.o(.ARM.Collect$$rtentry$$0000000D)
    .ARM.Collect$$rtexit$$00000000           0x080001be   Section        2  rtexit.o(.ARM.Collect$$rtexit$$00000000)
    .ARM.Collect$$rtexit$$00000002           0x080001c0   Section        0  rtexit2.o(.ARM.Collect$$rtexit$$00000002)
    .ARM.Collect$$rtexit$$00000003           0x080001c0   Section        4  rtexit2.o(.ARM.Collect$$rtexit$$00000003)
    .ARM.Collect$$rtexit$$00000004           0x080001c4   Section        6  rtexit2.o(.ARM.Collect$$rtexit$$00000004)
    .text                                    0x080001cc   Section       64  startup_stm32f10x_hd.o(.text)
    .text                                    0x0800020c   Section        0  heapauxi.o(.text)
    .text                                    0x08000212   Section       74  sys_stackheap_outer.o(.text)
    .text                                    0x0800025c   Section        0  exit.o(.text)
    .text                                    0x08000268   Section        8  libspace.o(.text)
    .text                                    0x08000270   Section        0  sys_exit.o(.text)
    .text                                    0x0800027c   Section        2  use_no_semi.o(.text)
    .text                                    0x0800027e   Section        0  indicate_semi.o(.text)
    i.ADC_Cmd                                0x0800027e   Section        0  stm32f10x_adc.o(i.ADC_Cmd)
    i.ADC_Configuration                      0x08000294   Section        0  user_adc.o(i.ADC_Configuration)
    i.ADC_DMACmd                             0x08000350   Section        0  stm32f10x_adc.o(i.ADC_DMACmd)
    i.ADC_DeInit                             0x08000368   Section        0  stm32f10x_adc.o(i.ADC_DeInit)
    i.ADC_GetCalibrationStatus               0x080003c4   Section        0  stm32f10x_adc.o(i.ADC_GetCalibrationStatus)
    i.ADC_GetResetCalibrationStatus          0x080003d8   Section        0  stm32f10x_adc.o(i.ADC_GetResetCalibrationStatus)
    i.ADC_Init                               0x080003ec   Section        0  stm32f10x_adc.o(i.ADC_Init)
    i.ADC_RegularChannelConfig               0x0800043c   Section        0  stm32f10x_adc.o(i.ADC_RegularChannelConfig)
    i.ADC_ResetCalibration                   0x080004f4   Section        0  stm32f10x_adc.o(i.ADC_ResetCalibration)
    i.ADC_SoftwareStartConvCmd               0x080004fe   Section        0  stm32f10x_adc.o(i.ADC_SoftwareStartConvCmd)
    i.ADC_StartCalibration                   0x08000514   Section        0  stm32f10x_adc.o(i.ADC_StartCalibration)
    i.ADC_user_Init                          0x08000520   Section        0  user_adc.o(i.ADC_user_Init)
    i.Adc_ZeroCalc                           0x0800054c   Section        0  user_adc.o(i.Adc_ZeroCalc)
    i.BusFault_Handler                       0x080005f4   Section        0  stm32f10x_it.o(i.BusFault_Handler)
    i.CAN_Configuration                      0x080005f8   Section        0  user_can.o(i.CAN_Configuration)
    i.CAN_FilterInit                         0x080006bc   Section        0  stm32f10x_can.o(i.CAN_FilterInit)
    i.CAN_Init                               0x080007c4   Section        0  stm32f10x_can.o(i.CAN_Init)
    i.CAN_MessagePending                     0x080008d8   Section        0  stm32f10x_can.o(i.CAN_MessagePending)
    i.CAN_Receive                            0x080008f6   Section        0  stm32f10x_can.o(i.CAN_Receive)
    i.CAN_Transmit                           0x080009e6   Section        0  stm32f10x_can.o(i.CAN_Transmit)
    i.CAN_TransmitStatus                     0x08000b0c   Section        0  stm32f10x_can.o(i.CAN_TransmitStatus)
    i.Can_Receive_Msg                        0x08000bac   Section        0  user_can.o(i.Can_Receive_Msg)
    i.Can_Send_Msg_13                        0x08000c60   Section        0  user_can.o(i.Can_Send_Msg_13)
    i.Can_Send_Msg_14                        0x08000d50   Section        0  user_can.o(i.Can_Send_Msg_14)
    i.DMA_ClearFlag                          0x08000e20   Section        0  stm32f10x_dma.o(i.DMA_ClearFlag)
    i.DMA_Cmd                                0x08000e3c   Section        0  stm32f10x_dma.o(i.DMA_Cmd)
    i.DMA_Configuration                      0x08000e54   Section        0  user_adc.o(i.DMA_Configuration)
    i.DMA_DeInit                             0x08000eac   Section        0  stm32f10x_dma.o(i.DMA_DeInit)
    i.DMA_GetFlagStatus                      0x08000ff8   Section        0  stm32f10x_dma.o(i.DMA_GetFlagStatus)
    i.DMA_Init                               0x08001024   Section        0  stm32f10x_dma.o(i.DMA_Init)
    i.DRV8305_Init                           0x08001060   Section        0  drv8305.o(i.DRV8305_Init)
    i.DRV8305_Set                            0x08001154   Section        0  drv8305.o(i.DRV8305_Set)
    i.DebugMon_Handler                       0x080011dc   Section        0  stm32f10x_it.o(i.DebugMon_Handler)
    i.EXTI9_5_IRQHandler                     0x080011e0   Section        0  stm32f10x_it.o(i.EXTI9_5_IRQHandler)
    i.EXTI_ClearITPendingBit                 0x08001280   Section        0  stm32f10x_exti.o(i.EXTI_ClearITPendingBit)
    i.EXTI_GetITStatus                       0x0800128c   Section        0  stm32f10x_exti.o(i.EXTI_GetITStatus)
    i.FaultDetect_1ms                        0x080012b4   Section        0  user_fault.o(i.FaultDetect_1ms)
    i.Foc_Init                               0x080012f0   Section        0  user_foc.o(i.Foc_Init)
    i.Foc_Reset                              0x08001324   Section        0  user_foc.o(i.Foc_Reset)
    i.GPIO_Init                              0x08001334   Section        0  stm32f10x_gpio.o(i.GPIO_Init)
    i.GPIO_PinRemapConfig                    0x0800144c   Section        0  stm32f10x_gpio.o(i.GPIO_PinRemapConfig)
    i.GPIO_ResetBits                         0x080014dc   Section        0  stm32f10x_gpio.o(i.GPIO_ResetBits)
    i.GPIO_SetBits                           0x080014e0   Section        0  stm32f10x_gpio.o(i.GPIO_SetBits)
    i.Get_Adc                                0x080014e4   Section        0  user_adc.o(i.Get_Adc)
    i.HALL_PWM_Deal                          0x080015e0   Section        0  user_position.o(i.HALL_PWM_Deal)
    i.HALL_Position_Deal                     0x080017b8   Section        0  user_position.o(i.HALL_Position_Deal)
    i.HardFault_Handler                      0x080019e0   Section        0  stm32f10x_it.o(i.HardFault_Handler)
    i.LPFirstCalc                            0x080019e4   Section        0  math.o(i.LPFirstCalc)
    i.MemManage_Handler                      0x080019fc   Section        0  stm32f10x_it.o(i.MemManage_Handler)
    i.ModeControl                            0x08001a00   Section        0  user_foc.o(i.ModeControl)
    i.NMI_Handler                            0x08001bf8   Section        0  stm32f10x_it.o(i.NMI_Handler)
    i.NVIC_Init                              0x08001bfc   Section        0  misc.o(i.NVIC_Init)
    i.POSITION_Configuration                 0x08001c6c   Section        0  user_position.o(i.POSITION_Configuration)
    i.POSITION_INIT                          0x08001c94   Section        0  user_position.o(i.POSITION_INIT)
    i.PWM_Configuration                      0x08001cbc   Section        0  user_pwm.o(i.PWM_Configuration)
    i.PWM_Enable                             0x08001e70   Section        0  user_pwm.o(i.PWM_Enable)
    i.PendSV_Handler                         0x08001e7c   Section        0  stm32f10x_it.o(i.PendSV_Handler)
    i.Position_Calc                          0x08001e80   Section        0  user_position.o(i.Position_Calc)
    i.Position_Loop                          0x08001f00   Section        0  user_foc.o(i.Position_Loop)
    i.RCC_ADCCLKConfig                       0x08001f90   Section        0  stm32f10x_rcc.o(i.RCC_ADCCLKConfig)
    i.RCC_AHBPeriphClockCmd                  0x08001fa8   Section        0  stm32f10x_rcc.o(i.RCC_AHBPeriphClockCmd)
    i.RCC_APB1PeriphClockCmd                 0x08001fc8   Section        0  stm32f10x_rcc.o(i.RCC_APB1PeriphClockCmd)
    i.RCC_APB1PeriphResetCmd                 0x08001fe8   Section        0  stm32f10x_rcc.o(i.RCC_APB1PeriphResetCmd)
    i.RCC_APB2PeriphClockCmd                 0x08002008   Section        0  stm32f10x_rcc.o(i.RCC_APB2PeriphClockCmd)
    i.RCC_APB2PeriphResetCmd                 0x08002028   Section        0  stm32f10x_rcc.o(i.RCC_APB2PeriphResetCmd)
    i.RCC_GetClocksFreq                      0x08002048   Section        0  stm32f10x_rcc.o(i.RCC_GetClocksFreq)
    i.RS485_Init                             0x0800211c   Section        0  rs485.o(i.RS485_Init)
    i.SPI_Cmd                                0x080021f4   Section        0  stm32f10x_spi.o(i.SPI_Cmd)
    i.SPI_I2S_GetFlagStatus                  0x0800220c   Section        0  stm32f10x_spi.o(i.SPI_I2S_GetFlagStatus)
    i.SPI_I2S_ReceiveData                    0x0800221e   Section        0  stm32f10x_spi.o(i.SPI_I2S_ReceiveData)
    i.SPI_I2S_SendData                       0x08002224   Section        0  stm32f10x_spi.o(i.SPI_I2S_SendData)
    i.SPI_Init                               0x08002228   Section        0  stm32f10x_spi.o(i.SPI_Init)
    i.SVC_Handler                            0x08002264   Section        0  stm32f10x_it.o(i.SVC_Handler)
    i.SetSysClock                            0x08002266   Section        0  system_stm32f10x.o(i.SetSysClock)
    SetSysClock                              0x08002267   Thumb Code     8  system_stm32f10x.o(i.SetSysClock)
    i.SetSysClockTo72                        0x08002270   Section        0  system_stm32f10x.o(i.SetSysClockTo72)
    SetSysClockTo72                          0x08002271   Thumb Code   214  system_stm32f10x.o(i.SetSysClockTo72)
    i.SpeedControl                           0x08002350   Section        0  user_foc.o(i.SpeedControl)
    i.Speed_Filt                             0x080024f8   Section        0  user_position.o(i.Speed_Filt)
    i.SysTick_CLKSourceConfig                0x08002554   Section        0  misc.o(i.SysTick_CLKSourceConfig)
    i.SysTick_Handler                        0x0800257c   Section        0  stm32f10x_it.o(i.SysTick_Handler)
    i.SystemInit                             0x08002580   Section        0  system_stm32f10x.o(i.SystemInit)
    i.TIM1_UP_IRQHandler                     0x080025e0   Section        0  main.o(i.TIM1_UP_IRQHandler)
    i.TIM2_IRQHandler                        0x080026b0   Section        0  stm32f10x_it.o(i.TIM2_IRQHandler)
    i.TIM3_IRQHandler                        0x080026b4   Section        0  stm32f10x_it.o(i.TIM3_IRQHandler)
    i.TIME_Configuration                     0x080026d8   Section        0  user_time.o(i.TIME_Configuration)
    i.TIM_ARRPreloadConfig                   0x08002770   Section        0  stm32f10x_tim.o(i.TIM_ARRPreloadConfig)
    i.TIM_BDTRConfig                         0x08002788   Section        0  stm32f10x_tim.o(i.TIM_BDTRConfig)
    i.TIM_ClearFlag                          0x080027a8   Section        0  stm32f10x_tim.o(i.TIM_ClearFlag)
    i.TIM_ClearITPendingBit                  0x080027ae   Section        0  stm32f10x_tim.o(i.TIM_ClearITPendingBit)
    i.TIM_Cmd                                0x080027b4   Section        0  stm32f10x_tim.o(i.TIM_Cmd)
    i.TIM_CtrlPWMOutputs                     0x080027cc   Section        0  stm32f10x_tim.o(i.TIM_CtrlPWMOutputs)
    i.TIM_GetITStatus                        0x080027ea   Section        0  stm32f10x_tim.o(i.TIM_GetITStatus)
    i.TIM_ITConfig                           0x0800280c   Section        0  stm32f10x_tim.o(i.TIM_ITConfig)
    i.TIM_OC1Init                            0x08002820   Section        0  stm32f10x_tim.o(i.TIM_OC1Init)
    i.TIM_OC1PreloadConfig                   0x080028b8   Section        0  stm32f10x_tim.o(i.TIM_OC1PreloadConfig)
    i.TIM_OC2Init                            0x080028cc   Section        0  stm32f10x_tim.o(i.TIM_OC2Init)
    i.TIM_OC2PreloadConfig                   0x08002970   Section        0  stm32f10x_tim.o(i.TIM_OC2PreloadConfig)
    i.TIM_OC3Init                            0x0800298c   Section        0  stm32f10x_tim.o(i.TIM_OC3Init)
    i.TIM_OC3PreloadConfig                   0x08002a2c   Section        0  stm32f10x_tim.o(i.TIM_OC3PreloadConfig)
    i.TIM_SetCompare1                        0x08002a3e   Section        0  stm32f10x_tim.o(i.TIM_SetCompare1)
    i.TIM_SetCompare2                        0x08002a42   Section        0  stm32f10x_tim.o(i.TIM_SetCompare2)
    i.TIM_SetCompare3                        0x08002a46   Section        0  stm32f10x_tim.o(i.TIM_SetCompare3)
    i.TIM_TimeBaseInit                       0x08002a4c   Section        0  stm32f10x_tim.o(i.TIM_TimeBaseInit)
    i.Task_100ms                             0x08002af0   Section        0  main.o(i.Task_100ms)
    i.Task_10ms                              0x08002b30   Section        0  main.o(i.Task_10ms)
    i.Task_1ms                               0x08002b68   Section        0  main.o(i.Task_1ms)
    i.USART3_IRQHandler                      0x08002bac   Section        0  rs485.o(i.USART3_IRQHandler)
    i.USART_Cmd                              0x08002bd0   Section        0  stm32f10x_usart.o(i.USART_Cmd)
    i.USART_GetITStatus                      0x08002be8   Section        0  stm32f10x_usart.o(i.USART_GetITStatus)
    i.USART_ITConfig                         0x08002c3c   Section        0  stm32f10x_usart.o(i.USART_ITConfig)
    i.USART_Init                             0x08002c88   Section        0  stm32f10x_usart.o(i.USART_Init)
    i.USART_ReceiveData                      0x08002d60   Section        0  stm32f10x_usart.o(i.USART_ReceiveData)
    i.UsageFault_Handler                     0x08002d6a   Section        0  stm32f10x_it.o(i.UsageFault_Handler)
    i.VctPIRegCalcNewAnti                    0x08002d6e   Section        0  math.o(i.VctPIRegCalcNewAnti)
    i._IQmpy                                 0x08002de2   Section        0  math.o(i._IQmpy)
    i.delay_init                             0x08002df4   Section        0  delay.o(i.delay_init)
    i.delay_ms                               0x08002e38   Section        0  delay.o(i.delay_ms)
    i.main                                   0x08002e84   Section        0  main.o(i.main)
    x$fpl$d2f                                0x08002f28   Section       98  d2f.o(x$fpl$d2f)
    x$fpl$ddiv                               0x08002f8c   Section      688  ddiv.o(x$fpl$ddiv)
    ddiv_entry                               0x08002f93   Thumb Code     0  ddiv.o(x$fpl$ddiv)
    x$fpl$dflt                               0x0800323c   Section       46  dflt_clz.o(x$fpl$dflt)
    x$fpl$dnaninf                            0x0800326a   Section      156  dnaninf.o(x$fpl$dnaninf)
    x$fpl$dretinf                            0x08003306   Section       12  dretinf.o(x$fpl$dretinf)
    x$fpl$f2d                                0x08003314   Section       86  f2d.o(x$fpl$f2d)
    x$fpl$ffix                               0x0800336c   Section       54  ffix.o(x$fpl$ffix)
    x$fpl$fflt                               0x080033a4   Section       48  fflt_clz.o(x$fpl$fflt)
    x$fpl$ffltu                              0x080033d4   Section       38  fflt_clz.o(x$fpl$ffltu)
    x$fpl$fmul                               0x080033fc   Section      258  fmul.o(x$fpl$fmul)
    x$fpl$fnaninf                            0x080034fe   Section      140  fnaninf.o(x$fpl$fnaninf)
    x$fpl$fretinf                            0x0800358a   Section       10  fretinf.o(x$fpl$fretinf)
    .constdata                               0x08003594   Section        8  user_position.o(.constdata)
    x$fpl$usenofp                            0x08003594   Section        0  usenofp.o(x$fpl$usenofp)
    .data                                    0x20000000   Section       16  main.o(.data)
    time_1s_cnt                              0x2000000e   Data           2  main.o(.data)
    .data                                    0x20000010   Section       20  system_stm32f10x.o(.data)
    .data                                    0x20000024   Section       20  stm32f10x_rcc.o(.data)
    APBAHBPrescTable                         0x20000024   Data          16  stm32f10x_rcc.o(.data)
    ADCPrescTable                            0x20000034   Data           4  stm32f10x_rcc.o(.data)
    .data                                    0x20000038   Section       28  user_adc.o(.data)
    Adc_Zero_Cnt                             0x20000052   Data           2  user_adc.o(.data)
    .data                                    0x20000054   Section       24  user_can.o(.data)
    .data                                    0x2000006c   Section        8  user_foc.o(.data)
    .data                                    0x20000074   Section       20  user_position.o(.data)
    .data                                    0x20000088   Section       16  user_fault.o(.data)
    .data                                    0x20000098   Section       12  drv8305.o(.data)
    .data                                    0x200000a4   Section        2  rs485.o(.data)
    .data                                    0x200000a6   Section        4  delay.o(.data)
    fac_us                                   0x200000a6   Data           1  delay.o(.data)
    fac_ms                                   0x200000a8   Data           2  delay.o(.data)
    .bss                                     0x200000ac   Section       24  user_adc.o(.bss)
    .bss                                     0x200000c4   Section       60  user_can.o(.bss)
    .bss                                     0x20000100   Section       72  user_foc.o(.bss)
    .bss                                     0x20000148   Section       40  user_position.o(.bss)
    .bss                                     0x20000170   Section       96  libspace.o(.bss)
    HEAP                                     0x200001d0   Section      512  startup_stm32f10x_hd.o(HEAP)
    Heap_Mem                                 0x200001d0   Data         512  startup_stm32f10x_hd.o(HEAP)
    STACK                                    0x200003d0   Section     1024  startup_stm32f10x_hd.o(STACK)
    Stack_Mem                                0x200003d0   Data        1024  startup_stm32f10x_hd.o(STACK)
    __initial_sp                             0x200007d0   Data           0  startup_stm32f10x_hd.o(STACK)

    Global Symbols

    Symbol Name                              Value     Ov Type        Size  Object(Section)

    BuildAttributes$$THM_ISAv4$P$D$K$B$S$PE$A:L22UL41UL21$X:L11$S22US41US21$IEEE1$IW$USESV6$~STKCKD$USESV7$~SHL$OSPACE$ROPI$EBA8$UX$STANDARDLIB$REQ8$PRES8$EABIv2 0x00000000   Number         0  anon$$obj.o ABSOLUTE
    __ARM_use_no_argv                        0x00000000   Number         0  main.o ABSOLUTE
    __ARM_exceptions_init                     - Undefined Weak Reference
    __alloca_initialize                       - Undefined Weak Reference
    __arm_preinit_                            - Undefined Weak Reference
    __cpp_initialize__aeabi_                  - Undefined Weak Reference
    __cxa_finalize                            - Undefined Weak Reference
    __rt_locale                               - Undefined Weak Reference
    __sigvec_lookup                           - Undefined Weak Reference
    _atexit_init                              - Undefined Weak Reference
    _call_atexit_fns                          - Undefined Weak Reference
    _clock_init                               - Undefined Weak Reference
    _fp_trap_init                             - Undefined Weak Reference
    _fp_trap_shutdown                         - Undefined Weak Reference
    _get_lc_collate                           - Undefined Weak Reference
    _get_lc_ctype                             - Undefined Weak Reference
    _get_lc_monetary                          - Undefined Weak Reference
    _get_lc_numeric                           - Undefined Weak Reference
    _get_lc_time                              - Undefined Weak Reference
    _getenv_init                              - Undefined Weak Reference
    _handle_redirection                       - Undefined Weak Reference
    _init_alloc                               - Undefined Weak Reference
    _init_user_alloc                          - Undefined Weak Reference
    _initio                                   - Undefined Weak Reference
    _rand_init                                - Undefined Weak Reference
    _signal_finish                            - Undefined Weak Reference
    _signal_init                              - Undefined Weak Reference
    _terminate_alloc                          - Undefined Weak Reference
    _terminate_user_alloc                     - Undefined Weak Reference
    _terminateio                              - Undefined Weak Reference
    __Vectors_Size                           0x00000130   Number         0  startup_stm32f10x_hd.o ABSOLUTE
    __Vectors                                0x08000000   Data           4  startup_stm32f10x_hd.o(RESET)
    __Vectors_End                            0x08000130   Data           0  startup_stm32f10x_hd.o(RESET)
    __main                                   0x08000131   Thumb Code     8  __main.o(!!!main)
    __scatterload                            0x08000139   Thumb Code     0  __scatter.o(!!!scatter)
    __scatterload_rt2                        0x08000139   Thumb Code    44  __scatter.o(!!!scatter)
    __scatterload_rt2_thumb_only             0x08000139   Thumb Code     0  __scatter.o(!!!scatter)
    __scatterload_null                       0x08000147   Thumb Code     0  __scatter.o(!!!scatter)
    __scatterload_copy                       0x0800016d   Thumb Code    26  __scatter_copy.o(!!handler_copy)
    __scatterload_zeroinit                   0x08000189   Thumb Code    28  __scatter_zi.o(!!handler_zi)
    __rt_lib_init                            0x080001a5   Thumb Code     0  libinit.o(.ARM.Collect$$libinit$$00000000)
    __rt_lib_init_alloca_1                   0x080001a7   Thumb Code     0  libinit2.o(.ARM.Collect$$libinit$$0000002E)
    __rt_lib_init_argv_1                     0x080001a7   Thumb Code     0  libinit2.o(.ARM.Collect$$libinit$$0000002C)
    __rt_lib_init_atexit_1                   0x080001a7   Thumb Code     0  libinit2.o(.ARM.Collect$$libinit$$0000001B)
    __rt_lib_init_clock_1                    0x080001a7   Thumb Code     0  libinit2.o(.ARM.Collect$$libinit$$00000021)
    __rt_lib_init_cpp_1                      0x080001a7   Thumb Code     0  libinit2.o(.ARM.Collect$$libinit$$00000032)
    __rt_lib_init_exceptions_1               0x080001a7   Thumb Code     0  libinit2.o(.ARM.Collect$$libinit$$00000030)
    __rt_lib_init_fp_1                       0x080001a7   Thumb Code     0  libinit2.o(.ARM.Collect$$libinit$$00000002)
    __rt_lib_init_fp_trap_1                  0x080001a7   Thumb Code     0  libinit2.o(.ARM.Collect$$libinit$$0000001F)
    __rt_lib_init_getenv_1                   0x080001a7   Thumb Code     0  libinit2.o(.ARM.Collect$$libinit$$00000023)
    __rt_lib_init_heap_1                     0x080001a7   Thumb Code     0  libinit2.o(.ARM.Collect$$libinit$$0000000A)
    __rt_lib_init_lc_collate_1               0x080001a7   Thumb Code     0  libinit2.o(.ARM.Collect$$libinit$$00000011)
    __rt_lib_init_lc_ctype_1                 0x080001a7   Thumb Code     0  libinit2.o(.ARM.Collect$$libinit$$00000013)
    __rt_lib_init_lc_monetary_1              0x080001a7   Thumb Code     0  libinit2.o(.ARM.Collect$$libinit$$00000015)
    __rt_lib_init_lc_numeric_1               0x080001a7   Thumb Code     0  libinit2.o(.ARM.Collect$$libinit$$00000017)
    __rt_lib_init_lc_time_1                  0x080001a7   Thumb Code     0  libinit2.o(.ARM.Collect$$libinit$$00000019)
    __rt_lib_init_preinit_1                  0x080001a7   Thumb Code     0  libinit2.o(.ARM.Collect$$libinit$$00000004)
    __rt_lib_init_rand_1                     0x080001a7   Thumb Code     0  libinit2.o(.ARM.Collect$$libinit$$0000000E)
    __rt_lib_init_return                     0x080001a7   Thumb Code     0  libinit2.o(.ARM.Collect$$libinit$$00000033)
    __rt_lib_init_signal_1                   0x080001a7   Thumb Code     0  libinit2.o(.ARM.Collect$$libinit$$0000001D)
    __rt_lib_init_stdio_1                    0x080001a7   Thumb Code     0  libinit2.o(.ARM.Collect$$libinit$$00000025)
    __rt_lib_init_user_alloc_1               0x080001a7   Thumb Code     0  libinit2.o(.ARM.Collect$$libinit$$0000000C)
    __rt_lib_shutdown                        0x080001a9   Thumb Code     0  libshutdown.o(.ARM.Collect$$libshutdown$$00000000)
    __rt_lib_shutdown_fp_trap_1              0x080001ab   Thumb Code     0  libshutdown2.o(.ARM.Collect$$libshutdown$$00000006)
    __rt_lib_shutdown_heap_1                 0x080001ab   Thumb Code     0  libshutdown2.o(.ARM.Collect$$libshutdown$$0000000E)
    __rt_lib_shutdown_return                 0x080001ab   Thumb Code     0  libshutdown2.o(.ARM.Collect$$libshutdown$$0000000F)
    __rt_lib_shutdown_signal_1               0x080001ab   Thumb Code     0  libshutdown2.o(.ARM.Collect$$libshutdown$$00000009)
    __rt_lib_shutdown_stdio_1                0x080001ab   Thumb Code     0  libshutdown2.o(.ARM.Collect$$libshutdown$$00000003)
    __rt_lib_shutdown_user_alloc_1           0x080001ab   Thumb Code     0  libshutdown2.o(.ARM.Collect$$libshutdown$$0000000B)
    __rt_entry                               0x080001ad   Thumb Code     0  __rtentry.o(.ARM.Collect$$rtentry$$00000000)
    __rt_entry_presh_1                       0x080001ad   Thumb Code     0  __rtentry2.o(.ARM.Collect$$rtentry$$00000002)
    __rt_entry_sh                            0x080001ad   Thumb Code     0  __rtentry4.o(.ARM.Collect$$rtentry$$00000004)
    __rt_entry_li                            0x080001b3   Thumb Code     0  __rtentry2.o(.ARM.Collect$$rtentry$$0000000A)
    __rt_entry_postsh_1                      0x080001b3   Thumb Code     0  __rtentry2.o(.ARM.Collect$$rtentry$$00000009)
    __rt_entry_main                          0x080001b7   Thumb Code     0  __rtentry2.o(.ARM.Collect$$rtentry$$0000000D)
    __rt_entry_postli_1                      0x080001b7   Thumb Code     0  __rtentry2.o(.ARM.Collect$$rtentry$$0000000C)
    __rt_exit                                0x080001bf   Thumb Code     0  rtexit.o(.ARM.Collect$$rtexit$$00000000)
    __rt_exit_ls                             0x080001c1   Thumb Code     0  rtexit2.o(.ARM.Collect$$rtexit$$00000003)
    __rt_exit_prels_1                        0x080001c1   Thumb Code     0  rtexit2.o(.ARM.Collect$$rtexit$$00000002)
    __rt_exit_exit                           0x080001c5   Thumb Code     0  rtexit2.o(.ARM.Collect$$rtexit$$00000004)
    Reset_Handler                            0x080001cd   Thumb Code     8  startup_stm32f10x_hd.o(.text)
    ADC1_2_IRQHandler                        0x080001e7   Thumb Code     0  startup_stm32f10x_hd.o(.text)
    ADC3_IRQHandler                          0x080001e7   Thumb Code     0  startup_stm32f10x_hd.o(.text)
    CAN1_RX1_IRQHandler                      0x080001e7   Thumb Code     0  startup_stm32f10x_hd.o(.text)
    CAN1_SCE_IRQHandler                      0x080001e7   Thumb Code     0  startup_stm32f10x_hd.o(.text)
    DMA1_Channel1_IRQHandler                 0x080001e7   Thumb Code     0  startup_stm32f10x_hd.o(.text)
    DMA1_Channel2_IRQHandler                 0x080001e7   Thumb Code     0  startup_stm32f10x_hd.o(.text)
    DMA1_Channel3_IRQHandler                 0x080001e7   Thumb Code     0  startup_stm32f10x_hd.o(.text)
    DMA1_Channel4_IRQHandler                 0x080001e7   Thumb Code     0  startup_stm32f10x_hd.o(.text)
    DMA1_Channel5_IRQHandler                 0x080001e7   Thumb Code     0  startup_stm32f10x_hd.o(.text)
    DMA1_Channel6_IRQHandler                 0x080001e7   Thumb Code     0  startup_stm32f10x_hd.o(.text)
    DMA1_Channel7_IRQHandler                 0x080001e7   Thumb Code     0  startup_stm32f10x_hd.o(.text)
    DMA2_Channel1_IRQHandler                 0x080001e7   Thumb Code     0  startup_stm32f10x_hd.o(.text)
    DMA2_Channel2_IRQHandler                 0x080001e7   Thumb Code     0  startup_stm32f10x_hd.o(.text)
    DMA2_Channel3_IRQHandler                 0x080001e7   Thumb Code     0  startup_stm32f10x_hd.o(.text)
    DMA2_Channel4_5_IRQHandler               0x080001e7   Thumb Code     0  startup_stm32f10x_hd.o(.text)
    EXTI0_IRQHandler                         0x080001e7   Thumb Code     0  startup_stm32f10x_hd.o(.text)
    EXTI15_10_IRQHandler                     0x080001e7   Thumb Code     0  startup_stm32f10x_hd.o(.text)
    EXTI1_IRQHandler                         0x080001e7   Thumb Code     0  startup_stm32f10x_hd.o(.text)
    EXTI2_IRQHandler                         0x080001e7   Thumb Code     0  startup_stm32f10x_hd.o(.text)
    EXTI3_IRQHandler                         0x080001e7   Thumb Code     0  startup_stm32f10x_hd.o(.text)
    EXTI4_IRQHandler                         0x080001e7   Thumb Code     0  startup_stm32f10x_hd.o(.text)
    FLASH_IRQHandler                         0x080001e7   Thumb Code     0  startup_stm32f10x_hd.o(.text)
    FSMC_IRQHandler                          0x080001e7   Thumb Code     0  startup_stm32f10x_hd.o(.text)
    I2C1_ER_IRQHandler                       0x080001e7   Thumb Code     0  startup_stm32f10x_hd.o(.text)
    I2C1_EV_IRQHandler                       0x080001e7   Thumb Code     0  startup_stm32f10x_hd.o(.text)
    I2C2_ER_IRQHandler                       0x080001e7   Thumb Code     0  startup_stm32f10x_hd.o(.text)
    I2C2_EV_IRQHandler                       0x080001e7   Thumb Code     0  startup_stm32f10x_hd.o(.text)
    PVD_IRQHandler                           0x080001e7   Thumb Code     0  startup_stm32f10x_hd.o(.text)
    RCC_IRQHandler                           0x080001e7   Thumb Code     0  startup_stm32f10x_hd.o(.text)
    RTCAlarm_IRQHandler                      0x080001e7   Thumb Code     0  startup_stm32f10x_hd.o(.text)
    RTC_IRQHandler                           0x080001e7   Thumb Code     0  startup_stm32f10x_hd.o(.text)
    SDIO_IRQHandler                          0x080001e7   Thumb Code     0  startup_stm32f10x_hd.o(.text)
    SPI1_IRQHandler                          0x080001e7   Thumb Code     0  startup_stm32f10x_hd.o(.text)
    SPI2_IRQHandler                          0x080001e7   Thumb Code     0  startup_stm32f10x_hd.o(.text)
    SPI3_IRQHandler                          0x080001e7   Thumb Code     0  startup_stm32f10x_hd.o(.text)
    TAMPER_IRQHandler                        0x080001e7   Thumb Code     0  startup_stm32f10x_hd.o(.text)
    TIM1_BRK_IRQHandler                      0x080001e7   Thumb Code     0  startup_stm32f10x_hd.o(.text)
    TIM1_CC_IRQHandler                       0x080001e7   Thumb Code     0  startup_stm32f10x_hd.o(.text)
    TIM1_TRG_COM_IRQHandler                  0x080001e7   Thumb Code     0  startup_stm32f10x_hd.o(.text)
    TIM4_IRQHandler                          0x080001e7   Thumb Code     0  startup_stm32f10x_hd.o(.text)
    TIM5_IRQHandler                          0x080001e7   Thumb Code     0  startup_stm32f10x_hd.o(.text)
    TIM6_IRQHandler                          0x080001e7   Thumb Code     0  startup_stm32f10x_hd.o(.text)
    TIM7_IRQHandler                          0x080001e7   Thumb Code     0  startup_stm32f10x_hd.o(.text)
    TIM8_BRK_IRQHandler                      0x080001e7   Thumb Code     0  startup_stm32f10x_hd.o(.text)
    TIM8_CC_IRQHandler                       0x080001e7   Thumb Code     0  startup_stm32f10x_hd.o(.text)
    TIM8_TRG_COM_IRQHandler                  0x080001e7   Thumb Code     0  startup_stm32f10x_hd.o(.text)
    TIM8_UP_IRQHandler                       0x080001e7   Thumb Code     0  startup_stm32f10x_hd.o(.text)
    UART4_IRQHandler                         0x080001e7   Thumb Code     0  startup_stm32f10x_hd.o(.text)
    UART5_IRQHandler                         0x080001e7   Thumb Code     0  startup_stm32f10x_hd.o(.text)
    USART1_IRQHandler                        0x080001e7   Thumb Code     0  startup_stm32f10x_hd.o(.text)
    USART2_IRQHandler                        0x080001e7   Thumb Code     0  startup_stm32f10x_hd.o(.text)
    USBWakeUp_IRQHandler                     0x080001e7   Thumb Code     0  startup_stm32f10x_hd.o(.text)
    USB_HP_CAN1_TX_IRQHandler                0x080001e7   Thumb Code     0  startup_stm32f10x_hd.o(.text)
    USB_LP_CAN1_RX0_IRQHandler               0x080001e7   Thumb Code     0  startup_stm32f10x_hd.o(.text)
    WWDG_IRQHandler                          0x080001e7   Thumb Code     0  startup_stm32f10x_hd.o(.text)
    __user_initial_stackheap                 0x080001e9   Thumb Code     0  startup_stm32f10x_hd.o(.text)
    __use_two_region_memory                  0x0800020d   Thumb Code     2  heapauxi.o(.text)
    __rt_heap_escrow$2region                 0x0800020f   Thumb Code     2  heapauxi.o(.text)
    __rt_heap_expand$2region                 0x08000211   Thumb Code     2  heapauxi.o(.text)
    __user_setup_stackheap                   0x08000213   Thumb Code    74  sys_stackheap_outer.o(.text)
    exit                                     0x0800025d   Thumb Code    12  exit.o(.text)
    __user_libspace                          0x08000269   Thumb Code     8  libspace.o(.text)
    __user_perproc_libspace                  0x08000269   Thumb Code     0  libspace.o(.text)
    __user_perthread_libspace                0x08000269   Thumb Code     0  libspace.o(.text)
    _sys_exit                                0x08000271   Thumb Code     8  sys_exit.o(.text)
    __I$use$semihosting                      0x0800027d   Thumb Code     0  use_no_semi.o(.text)
    __use_no_semihosting_swi                 0x0800027d   Thumb Code     2  use_no_semi.o(.text)
    ADC_Cmd                                  0x0800027f   Thumb Code    22  stm32f10x_adc.o(i.ADC_Cmd)
    __semihosting_library_function           0x0800027f   Thumb Code     0  indicate_semi.o(.text)
    ADC_Configuration                        0x08000295   Thumb Code   180  user_adc.o(i.ADC_Configuration)
    ADC_DMACmd                               0x08000351   Thumb Code    22  stm32f10x_adc.o(i.ADC_DMACmd)
    ADC_DeInit                               0x08000369   Thumb Code    78  stm32f10x_adc.o(i.ADC_DeInit)
    ADC_GetCalibrationStatus                 0x080003c5   Thumb Code    20  stm32f10x_adc.o(i.ADC_GetCalibrationStatus)
    ADC_GetResetCalibrationStatus            0x080003d9   Thumb Code    20  stm32f10x_adc.o(i.ADC_GetResetCalibrationStatus)
    ADC_Init                                 0x080003ed   Thumb Code    70  stm32f10x_adc.o(i.ADC_Init)
    ADC_RegularChannelConfig                 0x0800043d   Thumb Code   184  stm32f10x_adc.o(i.ADC_RegularChannelConfig)
    ADC_ResetCalibration                     0x080004f5   Thumb Code    10  stm32f10x_adc.o(i.ADC_ResetCalibration)
    ADC_SoftwareStartConvCmd                 0x080004ff   Thumb Code    22  stm32f10x_adc.o(i.ADC_SoftwareStartConvCmd)
    ADC_StartCalibration                     0x08000515   Thumb Code    10  stm32f10x_adc.o(i.ADC_StartCalibration)
    ADC_user_Init                            0x08000521   Thumb Code    32  user_adc.o(i.ADC_user_Init)
    Adc_ZeroCalc                             0x0800054d   Thumb Code   144  user_adc.o(i.Adc_ZeroCalc)
    BusFault_Handler                         0x080005f5   Thumb Code     4  stm32f10x_it.o(i.BusFault_Handler)
    CAN_Configuration                        0x080005f9   Thumb Code   188  user_can.o(i.CAN_Configuration)
    CAN_FilterInit                           0x080006bd   Thumb Code   258  stm32f10x_can.o(i.CAN_FilterInit)
    CAN_Init                                 0x080007c5   Thumb Code   276  stm32f10x_can.o(i.CAN_Init)
    CAN_MessagePending                       0x080008d9   Thumb Code    30  stm32f10x_can.o(i.CAN_MessagePending)
    CAN_Receive                              0x080008f7   Thumb Code   240  stm32f10x_can.o(i.CAN_Receive)
    CAN_Transmit                             0x080009e7   Thumb Code   294  stm32f10x_can.o(i.CAN_Transmit)
    CAN_TransmitStatus                       0x08000b0d   Thumb Code   138  stm32f10x_can.o(i.CAN_TransmitStatus)
    Can_Receive_Msg                          0x08000bad   Thumb Code   156  user_can.o(i.Can_Receive_Msg)
    Can_Send_Msg_13                          0x08000c61   Thumb Code   210  user_can.o(i.Can_Send_Msg_13)
    Can_Send_Msg_14                          0x08000d51   Thumb Code   186  user_can.o(i.Can_Send_Msg_14)
    DMA_ClearFlag                            0x08000e21   Thumb Code    18  stm32f10x_dma.o(i.DMA_ClearFlag)
    DMA_Cmd                                  0x08000e3d   Thumb Code    24  stm32f10x_dma.o(i.DMA_Cmd)
    DMA_Configuration                        0x08000e55   Thumb Code    74  user_adc.o(i.DMA_Configuration)
    DMA_DeInit                               0x08000ead   Thumb Code   324  stm32f10x_dma.o(i.DMA_DeInit)
    DMA_GetFlagStatus                        0x08000ff9   Thumb Code    36  stm32f10x_dma.o(i.DMA_GetFlagStatus)
    DMA_Init                                 0x08001025   Thumb Code    60  stm32f10x_dma.o(i.DMA_Init)
    DRV8305_Init                             0x08001061   Thumb Code   228  drv8305.o(i.DRV8305_Init)
    DRV8305_Set                              0x08001155   Thumb Code   106  drv8305.o(i.DRV8305_Set)
    DebugMon_Handler                         0x080011dd   Thumb Code     2  stm32f10x_it.o(i.DebugMon_Handler)
    EXTI9_5_IRQHandler                       0x080011e1   Thumb Code   134  stm32f10x_it.o(i.EXTI9_5_IRQHandler)
    EXTI_ClearITPendingBit                   0x08001281   Thumb Code     6  stm32f10x_exti.o(i.EXTI_ClearITPendingBit)
    EXTI_GetITStatus                         0x0800128d   Thumb Code    34  stm32f10x_exti.o(i.EXTI_GetITStatus)
    FaultDetect_1ms                          0x080012b5   Thumb Code    52  user_fault.o(i.FaultDetect_1ms)
    Foc_Init                                 0x080012f1   Thumb Code    36  user_foc.o(i.Foc_Init)
    Foc_Reset                                0x08001325   Thumb Code    10  user_foc.o(i.Foc_Reset)
    GPIO_Init                                0x08001335   Thumb Code   278  stm32f10x_gpio.o(i.GPIO_Init)
    GPIO_PinRemapConfig                      0x0800144d   Thumb Code   138  stm32f10x_gpio.o(i.GPIO_PinRemapConfig)
    GPIO_ResetBits                           0x080014dd   Thumb Code     4  stm32f10x_gpio.o(i.GPIO_ResetBits)
    GPIO_SetBits                             0x080014e1   Thumb Code     4  stm32f10x_gpio.o(i.GPIO_SetBits)
    Get_Adc                                  0x080014e5   Thumb Code   228  user_adc.o(i.Get_Adc)
    HALL_PWM_Deal                            0x080015e1   Thumb Code   442  user_position.o(i.HALL_PWM_Deal)
    HALL_Position_Deal                       0x080017b9   Thumb Code   522  user_position.o(i.HALL_Position_Deal)
    HardFault_Handler                        0x080019e1   Thumb Code     4  stm32f10x_it.o(i.HardFault_Handler)
    LPFirstCalc                              0x080019e5   Thumb Code    24  math.o(i.LPFirstCalc)
    MemManage_Handler                        0x080019fd   Thumb Code     4  stm32f10x_it.o(i.MemManage_Handler)
    ModeControl                              0x08001a01   Thumb Code   466  user_foc.o(i.ModeControl)
    NMI_Handler                              0x08001bf9   Thumb Code     2  stm32f10x_it.o(i.NMI_Handler)
    NVIC_Init                                0x08001bfd   Thumb Code   100  misc.o(i.NVIC_Init)
    POSITION_Configuration                   0x08001c6d   Thumb Code    34  user_position.o(i.POSITION_Configuration)
    POSITION_INIT                            0x08001c95   Thumb Code    26  user_position.o(i.POSITION_INIT)
    PWM_Configuration                        0x08001cbd   Thumb Code   420  user_pwm.o(i.PWM_Configuration)
    PWM_Enable                               0x08001e71   Thumb Code     8  user_pwm.o(i.PWM_Enable)
    PendSV_Handler                           0x08001e7d   Thumb Code     2  stm32f10x_it.o(i.PendSV_Handler)
    Position_Calc                            0x08001e81   Thumb Code   114  user_position.o(i.Position_Calc)
    Position_Loop                            0x08001f01   Thumb Code   132  user_foc.o(i.Position_Loop)
    RCC_ADCCLKConfig                         0x08001f91   Thumb Code    18  stm32f10x_rcc.o(i.RCC_ADCCLKConfig)
    RCC_AHBPeriphClockCmd                    0x08001fa9   Thumb Code    26  stm32f10x_rcc.o(i.RCC_AHBPeriphClockCmd)
    RCC_APB1PeriphClockCmd                   0x08001fc9   Thumb Code    26  stm32f10x_rcc.o(i.RCC_APB1PeriphClockCmd)
    RCC_APB1PeriphResetCmd                   0x08001fe9   Thumb Code    26  stm32f10x_rcc.o(i.RCC_APB1PeriphResetCmd)
    RCC_APB2PeriphClockCmd                   0x08002009   Thumb Code    26  stm32f10x_rcc.o(i.RCC_APB2PeriphClockCmd)
    RCC_APB2PeriphResetCmd                   0x08002029   Thumb Code    26  stm32f10x_rcc.o(i.RCC_APB2PeriphResetCmd)
    RCC_GetClocksFreq                        0x08002049   Thumb Code   192  stm32f10x_rcc.o(i.RCC_GetClocksFreq)
    RS485_Init                               0x0800211d   Thumb Code   202  rs485.o(i.RS485_Init)
    SPI_Cmd                                  0x080021f5   Thumb Code    24  stm32f10x_spi.o(i.SPI_Cmd)
    SPI_I2S_GetFlagStatus                    0x0800220d   Thumb Code    18  stm32f10x_spi.o(i.SPI_I2S_GetFlagStatus)
    SPI_I2S_ReceiveData                      0x0800221f   Thumb Code     6  stm32f10x_spi.o(i.SPI_I2S_ReceiveData)
    SPI_I2S_SendData                         0x08002225   Thumb Code     4  stm32f10x_spi.o(i.SPI_I2S_SendData)
    SPI_Init                                 0x08002229   Thumb Code    60  stm32f10x_spi.o(i.SPI_Init)
    SVC_Handler                              0x08002265   Thumb Code     2  stm32f10x_it.o(i.SVC_Handler)
    SpeedControl                             0x08002351   Thumb Code   398  user_foc.o(i.SpeedControl)
    Speed_Filt                               0x080024f9   Thumb Code    78  user_position.o(i.Speed_Filt)
    SysTick_CLKSourceConfig                  0x08002555   Thumb Code    40  misc.o(i.SysTick_CLKSourceConfig)
    SysTick_Handler                          0x0800257d   Thumb Code     2  stm32f10x_it.o(i.SysTick_Handler)
    SystemInit                               0x08002581   Thumb Code    78  system_stm32f10x.o(i.SystemInit)
    TIM1_UP_IRQHandler                       0x080025e1   Thumb Code   168  main.o(i.TIM1_UP_IRQHandler)
    TIM2_IRQHandler                          0x080026b1   Thumb Code     2  stm32f10x_it.o(i.TIM2_IRQHandler)
    TIM3_IRQHandler                          0x080026b5   Thumb Code    28  stm32f10x_it.o(i.TIM3_IRQHandler)
    TIME_Configuration                       0x080026d9   Thumb Code   142  user_time.o(i.TIME_Configuration)
    TIM_ARRPreloadConfig                     0x08002771   Thumb Code    24  stm32f10x_tim.o(i.TIM_ARRPreloadConfig)
    TIM_BDTRConfig                           0x08002789   Thumb Code    32  stm32f10x_tim.o(i.TIM_BDTRConfig)
    TIM_ClearFlag                            0x080027a9   Thumb Code     6  stm32f10x_tim.o(i.TIM_ClearFlag)
    TIM_ClearITPendingBit                    0x080027af   Thumb Code     6  stm32f10x_tim.o(i.TIM_ClearITPendingBit)
    TIM_Cmd                                  0x080027b5   Thumb Code    24  stm32f10x_tim.o(i.TIM_Cmd)
    TIM_CtrlPWMOutputs                       0x080027cd   Thumb Code    30  stm32f10x_tim.o(i.TIM_CtrlPWMOutputs)
    TIM_GetITStatus                          0x080027eb   Thumb Code    34  stm32f10x_tim.o(i.TIM_GetITStatus)
    TIM_ITConfig                             0x0800280d   Thumb Code    18  stm32f10x_tim.o(i.TIM_ITConfig)
    TIM_OC1Init                              0x08002821   Thumb Code   132  stm32f10x_tim.o(i.TIM_OC1Init)
    TIM_OC1PreloadConfig                     0x080028b9   Thumb Code    18  stm32f10x_tim.o(i.TIM_OC1PreloadConfig)
    TIM_OC2Init                              0x080028cd   Thumb Code   154  stm32f10x_tim.o(i.TIM_OC2Init)
    TIM_OC2PreloadConfig                     0x08002971   Thumb Code    26  stm32f10x_tim.o(i.TIM_OC2PreloadConfig)
    TIM_OC3Init                              0x0800298d   Thumb Code   150  stm32f10x_tim.o(i.TIM_OC3Init)
    TIM_OC3PreloadConfig                     0x08002a2d   Thumb Code    18  stm32f10x_tim.o(i.TIM_OC3PreloadConfig)
    TIM_SetCompare1                          0x08002a3f   Thumb Code     4  stm32f10x_tim.o(i.TIM_SetCompare1)
    TIM_SetCompare2                          0x08002a43   Thumb Code     4  stm32f10x_tim.o(i.TIM_SetCompare2)
    TIM_SetCompare3                          0x08002a47   Thumb Code     4  stm32f10x_tim.o(i.TIM_SetCompare3)
    TIM_TimeBaseInit                         0x08002a4d   Thumb Code   122  stm32f10x_tim.o(i.TIM_TimeBaseInit)
    Task_100ms                               0x08002af1   Thumb Code    56  main.o(i.Task_100ms)
    Task_10ms                                0x08002b31   Thumb Code    52  main.o(i.Task_10ms)
    Task_1ms                                 0x08002b69   Thumb Code    58  main.o(i.Task_1ms)
    USART3_IRQHandler                        0x08002bad   Thumb Code    26  rs485.o(i.USART3_IRQHandler)
    USART_Cmd                                0x08002bd1   Thumb Code    24  stm32f10x_usart.o(i.USART_Cmd)
    USART_GetITStatus                        0x08002be9   Thumb Code    84  stm32f10x_usart.o(i.USART_GetITStatus)
    USART_ITConfig                           0x08002c3d   Thumb Code    74  stm32f10x_usart.o(i.USART_ITConfig)
    USART_Init                               0x08002c89   Thumb Code   210  stm32f10x_usart.o(i.USART_Init)
    USART_ReceiveData                        0x08002d61   Thumb Code    10  stm32f10x_usart.o(i.USART_ReceiveData)
    UsageFault_Handler                       0x08002d6b   Thumb Code     4  stm32f10x_it.o(i.UsageFault_Handler)
    VctPIRegCalcNewAnti                      0x08002d6f   Thumb Code   116  math.o(i.VctPIRegCalcNewAnti)
    _IQmpy                                   0x08002de3   Thumb Code    16  math.o(i._IQmpy)
    delay_init                               0x08002df5   Thumb Code    50  delay.o(i.delay_init)
    delay_ms                                 0x08002e39   Thumb Code    72  delay.o(i.delay_ms)
    main                                     0x08002e85   Thumb Code   148  main.o(i.main)
    __aeabi_d2f                              0x08002f29   Thumb Code     0  d2f.o(x$fpl$d2f)
    _d2f                                     0x08002f29   Thumb Code    98  d2f.o(x$fpl$d2f)
    __aeabi_ddiv                             0x08002f8d   Thumb Code     0  ddiv.o(x$fpl$ddiv)
    _ddiv                                    0x08002f8d   Thumb Code   552  ddiv.o(x$fpl$ddiv)
    __aeabi_i2d                              0x0800323d   Thumb Code     0  dflt_clz.o(x$fpl$dflt)
    _dflt                                    0x0800323d   Thumb Code    46  dflt_clz.o(x$fpl$dflt)
    __fpl_dnaninf                            0x0800326b   Thumb Code   156  dnaninf.o(x$fpl$dnaninf)
    __fpl_dretinf                            0x08003307   Thumb Code    12  dretinf.o(x$fpl$dretinf)
    __aeabi_f2d                              0x08003315   Thumb Code     0  f2d.o(x$fpl$f2d)
    _f2d                                     0x08003315   Thumb Code    86  f2d.o(x$fpl$f2d)
    __aeabi_f2iz                             0x0800336d   Thumb Code     0  ffix.o(x$fpl$ffix)
    _ffix                                    0x0800336d   Thumb Code    54  ffix.o(x$fpl$ffix)
    __aeabi_i2f                              0x080033a5   Thumb Code     0  fflt_clz.o(x$fpl$fflt)
    _fflt                                    0x080033a5   Thumb Code    48  fflt_clz.o(x$fpl$fflt)
    __aeabi_ui2f                             0x080033d5   Thumb Code     0  fflt_clz.o(x$fpl$ffltu)
    _ffltu                                   0x080033d5   Thumb Code    38  fflt_clz.o(x$fpl$ffltu)
    __aeabi_fmul                             0x080033fd   Thumb Code     0  fmul.o(x$fpl$fmul)
    _fmul                                    0x080033fd   Thumb Code   258  fmul.o(x$fpl$fmul)
    __fpl_fnaninf                            0x080034ff   Thumb Code   140  fnaninf.o(x$fpl$fnaninf)
    __fpl_fretinf                            0x0800358b   Thumb Code    10  fretinf.o(x$fpl$fretinf)
    __I$use$fp                               0x08003594   Number         0  usenofp.o(x$fpl$usenofp)
    bldc_hall_tab                            0x08003594   Data           8  user_position.o(.constdata)
    Region$$Table$$Base                      0x0800359c   Number         0  anon$$obj.o(Region$$Table)
    Region$$Table$$Limit                     0x080035bc   Number         0  anon$$obj.o(Region$$Table)
    gu16_time_1ms_Flag                       0x20000000   Data           2  main.o(.data)
    gu16_time_bngCnt                         0x20000002   Data           2  main.o(.data)
    gu16_InitOK_Flag                         0x20000004   Data           2  main.o(.data)
    test_yyb_main                            0x20000006   Data           2  main.o(.data)
    test_yyb_main1                           0x20000008   Data           2  main.o(.data)
    test_yyb_main_ISR                        0x2000000a   Data           2  main.o(.data)
    test_yyb_main1_ISR                       0x2000000c   Data           2  main.o(.data)
    SystemCoreClock                          0x20000010   Data           4  system_stm32f10x.o(.data)
    AHBPrescTable                            0x20000014   Data          16  system_stm32f10x.o(.data)
    yyb_test_adc_1                           0x20000038   Data           2  user_adc.o(.data)
    yyb_test_adc_2                           0x2000003a   Data           2  user_adc.o(.data)
    yyb_test_adc_3                           0x2000003c   Data           2  user_adc.o(.data)
    Cur_DC_Filter                            0x20000040   Data          12  user_adc.o(.data)
    AD_Digital_Value                         0x2000004c   Data           6  user_adc.o(.data)
    Can_Data_Receive                         0x20000054   Data           8  user_can.o(.data)
    Can_Data_Transmit                        0x2000005c   Data           8  user_can.o(.data)
    Can_Receive_Cmd_t                        0x20000064   Data           8  user_can.o(.data)
    AD_sref_val                              0x2000006c   Data           2  user_foc.o(.data)
    yyb_set                                  0x2000006e   Data           2  user_foc.o(.data)
    yyb_test                                 0x20000070   Data           2  user_foc.o(.data)
    Mode_en                                  0x20000072   Data           1  user_foc.o(.data)
    Mode_Speed_en                            0x20000073   Data           1  user_foc.o(.data)
    yyb_test_positon                         0x20000074   Data           2  user_position.o(.data)
    yyb_test_1                               0x20000076   Data           2  user_position.o(.data)
    yyb_test_2                               0x20000078   Data           2  user_position.o(.data)
    yyb_test_3                               0x2000007a   Data           2  user_position.o(.data)
    LPF_speed                                0x2000007c   Data          12  user_position.o(.data)
    fault_word                               0x20000088   Data           1  user_fault.o(.data)
    yyb_test_fault_1                         0x2000008a   Data           2  user_fault.o(.data)
    yyb_test_fault_2                         0x2000008c   Data           2  user_fault.o(.data)
    yyb_test_fault_3                         0x2000008e   Data           2  user_fault.o(.data)
    yyb_test_fault_4                         0x20000090   Data           2  user_fault.o(.data)
    yyb_test_fault_5                         0x20000092   Data           2  user_fault.o(.data)
    yyb_test_fault_6                         0x20000094   Data           2  user_fault.o(.data)
    yyb_test_fault_7                         0x20000096   Data           2  user_fault.o(.data)
    SPI2_ReceiveData_yyb                     0x20000098   Data           2  drv8305.o(.data)
    SPI2_SendData_yyb                        0x2000009a   Data           2  drv8305.o(.data)
    test_yyb1_SPI2                           0x2000009c   Data           2  drv8305.o(.data)
    test_yyb2_SPI2                           0x2000009e   Data           2  drv8305.o(.data)
    test_yyb3_SPI2                           0x200000a0   Data           2  drv8305.o(.data)
    test_yyb4_SPI2                           0x200000a2   Data           2  drv8305.o(.data)
    RS485_RX_CNT                             0x200000a4   Data           1  rs485.o(.data)
    yyb_test_RS485                           0x200000a5   Data           1  rs485.o(.data)
    Adc_Value_t                              0x200000ac   Data          24  user_adc.o(.bss)
    TxMessage_13                             0x200000c4   Data          20  user_can.o(.bss)
    TxMessage_14                             0x200000d8   Data          20  user_can.o(.bss)
    RxMessage                                0x200000ec   Data          20  user_can.o(.bss)
    FOC_Data_t                               0x20000100   Data          24  user_foc.o(.bss)
    Speed_PI                                 0x20000118   Data          48  user_foc.o(.bss)
    Hall_Position_t                          0x20000148   Data          40  user_position.o(.bss)
    __libspace_start                         0x20000170   Data          96  libspace.o(.bss)
    __temporary_stack_top$libspace           0x200001d0   Data           0  libspace.o(.bss)



==============================================================================

Memory Map of the image

  Image Entry point : 0x08000131

  Load Region LR_IROM1 (Base: 0x08000000, Size: 0x00003668, Max: 0x00020000, ABSOLUTE)

    Execution Region ER_IROM1 (Base: 0x08000000, Size: 0x000035bc, Max: 0x00020000, ABSOLUTE)

    Base Addr    Size         Type   Attr      Idx    E Section Name        Object

    0x08000000   0x00000130   Data   RO          321    RESET               startup_stm32f10x_hd.o
    0x08000130   0x00000008   Code   RO         3813  * !!!main             c_w.l(__main.o)
    0x08000138   0x00000034   Code   RO         4022    !!!scatter          c_w.l(__scatter.o)
    0x0800016c   0x0000001a   Code   RO         4024    !!handler_copy      c_w.l(__scatter_copy.o)
    0x08000186   0x00000002   PAD
    0x08000188   0x0000001c   Code   RO         4026    !!handler_zi        c_w.l(__scatter_zi.o)
    0x080001a4   0x00000002   Code   RO         3889    .ARM.Collect$$libinit$$00000000  c_w.l(libinit.o)
    0x080001a6   0x00000000   Code   RO         3900    .ARM.Collect$$libinit$$00000002  c_w.l(libinit2.o)
    0x080001a6   0x00000000   Code   RO         3902    .ARM.Collect$$libinit$$00000004  c_w.l(libinit2.o)
    0x080001a6   0x00000000   Code   RO         3905    .ARM.Collect$$libinit$$0000000A  c_w.l(libinit2.o)
    0x080001a6   0x00000000   Code   RO         3907    .ARM.Collect$$libinit$$0000000C  c_w.l(libinit2.o)
    0x080001a6   0x00000000   Code   RO         3909    .ARM.Collect$$libinit$$0000000E  c_w.l(libinit2.o)
    0x080001a6   0x00000000   Code   RO         3912    .ARM.Collect$$libinit$$00000011  c_w.l(libinit2.o)
    0x080001a6   0x00000000   Code   RO         3914    .ARM.Collect$$libinit$$00000013  c_w.l(libinit2.o)
    0x080001a6   0x00000000   Code   RO         3916    .ARM.Collect$$libinit$$00000015  c_w.l(libinit2.o)
    0x080001a6   0x00000000   Code   RO         3918    .ARM.Collect$$libinit$$00000017  c_w.l(libinit2.o)
    0x080001a6   0x00000000   Code   RO         3920    .ARM.Collect$$libinit$$00000019  c_w.l(libinit2.o)
    0x080001a6   0x00000000   Code   RO         3922    .ARM.Collect$$libinit$$0000001B  c_w.l(libinit2.o)
    0x080001a6   0x00000000   Code   RO         3924    .ARM.Collect$$libinit$$0000001D  c_w.l(libinit2.o)
    0x080001a6   0x00000000   Code   RO         3926    .ARM.Collect$$libinit$$0000001F  c_w.l(libinit2.o)
    0x080001a6   0x00000000   Code   RO         3928    .ARM.Collect$$libinit$$00000021  c_w.l(libinit2.o)
    0x080001a6   0x00000000   Code   RO         3930    .ARM.Collect$$libinit$$00000023  c_w.l(libinit2.o)
    0x080001a6   0x00000000   Code   RO         3932    .ARM.Collect$$libinit$$00000025  c_w.l(libinit2.o)
    0x080001a6   0x00000000   Code   RO         3936    .ARM.Collect$$libinit$$0000002C  c_w.l(libinit2.o)
    0x080001a6   0x00000000   Code   RO         3938    .ARM.Collect$$libinit$$0000002E  c_w.l(libinit2.o)
    0x080001a6   0x00000000   Code   RO         3940    .ARM.Collect$$libinit$$00000030  c_w.l(libinit2.o)
    0x080001a6   0x00000000   Code   RO         3942    .ARM.Collect$$libinit$$00000032  c_w.l(libinit2.o)
    0x080001a6   0x00000002   Code   RO         3943    .ARM.Collect$$libinit$$00000033  c_w.l(libinit2.o)
    0x080001a8   0x00000002   Code   RO         3973    .ARM.Collect$$libshutdown$$00000000  c_w.l(libshutdown.o)
    0x080001aa   0x00000000   Code   RO         3991    .ARM.Collect$$libshutdown$$00000003  c_w.l(libshutdown2.o)
    0x080001aa   0x00000000   Code   RO         3994    .ARM.Collect$$libshutdown$$00000006  c_w.l(libshutdown2.o)
    0x080001aa   0x00000000   Code   RO         3997    .ARM.Collect$$libshutdown$$00000009  c_w.l(libshutdown2.o)
    0x080001aa   0x00000000   Code   RO         3999    .ARM.Collect$$libshutdown$$0000000B  c_w.l(libshutdown2.o)
    0x080001aa   0x00000000   Code   RO         4002    .ARM.Collect$$libshutdown$$0000000E  c_w.l(libshutdown2.o)
    0x080001aa   0x00000002   Code   RO         4003    .ARM.Collect$$libshutdown$$0000000F  c_w.l(libshutdown2.o)
    0x080001ac   0x00000000   Code   RO         3847    .ARM.Collect$$rtentry$$00000000  c_w.l(__rtentry.o)
    0x080001ac   0x00000000   Code   RO         3860    .ARM.Collect$$rtentry$$00000002  c_w.l(__rtentry2.o)
    0x080001ac   0x00000006   Code   RO         3872    .ARM.Collect$$rtentry$$00000004  c_w.l(__rtentry4.o)
    0x080001b2   0x00000000   Code   RO         3862    .ARM.Collect$$rtentry$$00000009  c_w.l(__rtentry2.o)
    0x080001b2   0x00000004   Code   RO         3863    .ARM.Collect$$rtentry$$0000000A  c_w.l(__rtentry2.o)
    0x080001b6   0x00000000   Code   RO         3865    .ARM.Collect$$rtentry$$0000000C  c_w.l(__rtentry2.o)
    0x080001b6   0x00000008   Code   RO         3866    .ARM.Collect$$rtentry$$0000000D  c_w.l(__rtentry2.o)
    0x080001be   0x00000002   Code   RO         3893    .ARM.Collect$$rtexit$$00000000  c_w.l(rtexit.o)
    0x080001c0   0x00000000   Code   RO         3945    .ARM.Collect$$rtexit$$00000002  c_w.l(rtexit2.o)
    0x080001c0   0x00000004   Code   RO         3946    .ARM.Collect$$rtexit$$00000003  c_w.l(rtexit2.o)
    0x080001c4   0x00000006   Code   RO         3947    .ARM.Collect$$rtexit$$00000004  c_w.l(rtexit2.o)
    0x080001ca   0x00000002   PAD
    0x080001cc   0x00000040   Code   RO          322    .text               startup_stm32f10x_hd.o
    0x0800020c   0x00000006   Code   RO         3811    .text               c_w.l(heapauxi.o)
    0x08000212   0x0000004a   Code   RO         3878    .text               c_w.l(sys_stackheap_outer.o)
    0x0800025c   0x0000000c   Code   RO         3882    .text               c_w.l(exit.o)
    0x08000268   0x00000008   Code   RO         3890    .text               c_w.l(libspace.o)
    0x08000270   0x0000000c   Code   RO         3961    .text               c_w.l(sys_exit.o)
    0x0800027c   0x00000002   Code   RO         3978    .text               c_w.l(use_no_semi.o)
    0x0800027e   0x00000000   Code   RO         3980    .text               c_w.l(indicate_semi.o)
    0x0800027e   0x00000016   Code   RO          394    i.ADC_Cmd           stm32f10x_adc.o
    0x08000294   0x000000bc   Code   RO         3319    i.ADC_Configuration  user_adc.o
    0x08000350   0x00000016   Code   RO          395    i.ADC_DMACmd        stm32f10x_adc.o
    0x08000366   0x00000002   PAD
    0x08000368   0x0000005c   Code   RO          396    i.ADC_DeInit        stm32f10x_adc.o
    0x080003c4   0x00000014   Code   RO          402    i.ADC_GetCalibrationStatus  stm32f10x_adc.o
    0x080003d8   0x00000014   Code   RO          408    i.ADC_GetResetCalibrationStatus  stm32f10x_adc.o
    0x080003ec   0x00000050   Code   RO          412    i.ADC_Init          stm32f10x_adc.o
    0x0800043c   0x000000b8   Code   RO          416    i.ADC_RegularChannelConfig  stm32f10x_adc.o
    0x080004f4   0x0000000a   Code   RO          417    i.ADC_ResetCalibration  stm32f10x_adc.o
    0x080004fe   0x00000016   Code   RO          419    i.ADC_SoftwareStartConvCmd  stm32f10x_adc.o
    0x08000514   0x0000000a   Code   RO          421    i.ADC_StartCalibration  stm32f10x_adc.o
    0x0800051e   0x00000002   PAD
    0x08000520   0x0000002c   Code   RO         3320    i.ADC_user_Init     user_adc.o
    0x0800054c   0x000000a8   Code   RO         3321    i.Adc_ZeroCalc      user_adc.o
    0x080005f4   0x00000004   Code   RO          189    i.BusFault_Handler  stm32f10x_it.o
    0x080005f8   0x000000c4   Code   RO         3398    i.CAN_Configuration  user_can.o
    0x080006bc   0x00000108   Code   RO          694    i.CAN_FilterInit    stm32f10x_can.o
    0x080007c4   0x00000114   Code   RO          701    i.CAN_Init          stm32f10x_can.o
    0x080008d8   0x0000001e   Code   RO          702    i.CAN_MessagePending  stm32f10x_can.o
    0x080008f6   0x000000f0   Code   RO          704    i.CAN_Receive       stm32f10x_can.o
    0x080009e6   0x00000126   Code   RO          709    i.CAN_Transmit      stm32f10x_can.o
    0x08000b0c   0x000000a0   Code   RO          710    i.CAN_TransmitStatus  stm32f10x_can.o
    0x08000bac   0x000000b4   Code   RO         3399    i.Can_Receive_Msg   user_can.o
    0x08000c60   0x000000f0   Code   RO         3400    i.Can_Send_Msg_13   user_can.o
    0x08000d50   0x000000d0   Code   RO         3401    i.Can_Send_Msg_14   user_can.o
    0x08000e20   0x0000001c   Code   RO         1077    i.DMA_ClearFlag     stm32f10x_dma.o
    0x08000e3c   0x00000018   Code   RO         1079    i.DMA_Cmd           stm32f10x_dma.o
    0x08000e54   0x00000058   Code   RO         3322    i.DMA_Configuration  user_adc.o
    0x08000eac   0x0000014c   Code   RO         1080    i.DMA_DeInit        stm32f10x_dma.o
    0x08000ff8   0x0000002c   Code   RO         1082    i.DMA_GetFlagStatus  stm32f10x_dma.o
    0x08001024   0x0000003c   Code   RO         1085    i.DMA_Init          stm32f10x_dma.o
    0x08001060   0x000000f4   Code   RO         3686    i.DRV8305_Init      drv8305.o
    0x08001154   0x00000088   Code   RO         3687    i.DRV8305_Set       drv8305.o
    0x080011dc   0x00000002   Code   RO          190    i.DebugMon_Handler  stm32f10x_it.o
    0x080011de   0x00000002   PAD
    0x080011e0   0x000000a0   Code   RO          191    i.EXTI9_5_IRQHandler  stm32f10x_it.o
    0x08001280   0x0000000c   Code   RO         1150    i.EXTI_ClearITPendingBit  stm32f10x_exti.o
    0x0800128c   0x00000028   Code   RO         1154    i.EXTI_GetITStatus  stm32f10x_exti.o
    0x080012b4   0x0000003c   Code   RO         3668    i.FaultDetect_1ms   user_fault.o
    0x080012f0   0x00000034   Code   RO         3439    i.Foc_Init          user_foc.o
    0x08001324   0x00000010   Code   RO         3440    i.Foc_Reset         user_foc.o
    0x08001334   0x00000116   Code   RO         1503    i.GPIO_Init         stm32f10x_gpio.o
    0x0800144a   0x00000002   PAD
    0x0800144c   0x00000090   Code   RO         1505    i.GPIO_PinRemapConfig  stm32f10x_gpio.o
    0x080014dc   0x00000004   Code   RO         1510    i.GPIO_ResetBits    stm32f10x_gpio.o
    0x080014e0   0x00000004   Code   RO         1511    i.GPIO_SetBits      stm32f10x_gpio.o
    0x080014e4   0x000000fc   Code   RO         3323    i.Get_Adc           user_adc.o
    0x080015e0   0x000001d8   Code   RO         3522    i.HALL_PWM_Deal     user_position.o
    0x080017b8   0x00000228   Code   RO         3523    i.HALL_Position_Deal  user_position.o
    0x080019e0   0x00000004   Code   RO          192    i.HardFault_Handler  stm32f10x_it.o
    0x080019e4   0x00000018   Code   RO         3638    i.LPFirstCalc       math.o
    0x080019fc   0x00000004   Code   RO          193    i.MemManage_Handler  stm32f10x_it.o
    0x08001a00   0x000001f8   Code   RO         3441    i.ModeControl       user_foc.o
    0x08001bf8   0x00000002   Code   RO          194    i.NMI_Handler       stm32f10x_it.o
    0x08001bfa   0x00000002   PAD
    0x08001bfc   0x00000070   Code   RO          326    i.NVIC_Init         misc.o
    0x08001c6c   0x00000028   Code   RO         3524    i.POSITION_Configuration  user_position.o
    0x08001c94   0x00000028   Code   RO         3525    i.POSITION_INIT     user_position.o
    0x08001cbc   0x000001b4   Code   RO         3584    i.PWM_Configuration  user_pwm.o
    0x08001e70   0x0000000c   Code   RO         3586    i.PWM_Enable        user_pwm.o
    0x08001e7c   0x00000002   Code   RO          195    i.PendSV_Handler    stm32f10x_it.o
    0x08001e7e   0x00000002   PAD
    0x08001e80   0x00000080   Code   RO         3526    i.Position_Calc     user_position.o
    0x08001f00   0x00000090   Code   RO         3442    i.Position_Loop     user_foc.o
    0x08001f90   0x00000018   Code   RO         1917    i.RCC_ADCCLKConfig  stm32f10x_rcc.o
    0x08001fa8   0x00000020   Code   RO         1918    i.RCC_AHBPeriphClockCmd  stm32f10x_rcc.o
    0x08001fc8   0x00000020   Code   RO         1919    i.RCC_APB1PeriphClockCmd  stm32f10x_rcc.o
    0x08001fe8   0x00000020   Code   RO         1920    i.RCC_APB1PeriphResetCmd  stm32f10x_rcc.o
    0x08002008   0x00000020   Code   RO         1921    i.RCC_APB2PeriphClockCmd  stm32f10x_rcc.o
    0x08002028   0x00000020   Code   RO         1922    i.RCC_APB2PeriphResetCmd  stm32f10x_rcc.o
    0x08002048   0x000000d4   Code   RO         1929    i.RCC_GetClocksFreq  stm32f10x_rcc.o
    0x0800211c   0x000000d8   Code   RO         3710    i.RS485_Init        rs485.o
    0x080021f4   0x00000018   Code   RO         2398    i.SPI_Cmd           stm32f10x_spi.o
    0x0800220c   0x00000012   Code   RO         2406    i.SPI_I2S_GetFlagStatus  stm32f10x_spi.o
    0x0800221e   0x00000006   Code   RO         2409    i.SPI_I2S_ReceiveData  stm32f10x_spi.o
    0x08002224   0x00000004   Code   RO         2410    i.SPI_I2S_SendData  stm32f10x_spi.o
    0x08002228   0x0000003c   Code   RO         2411    i.SPI_Init          stm32f10x_spi.o
    0x08002264   0x00000002   Code   RO          196    i.SVC_Handler       stm32f10x_it.o
    0x08002266   0x00000008   Code   RO          274    i.SetSysClock       system_stm32f10x.o
    0x0800226e   0x00000002   PAD
    0x08002270   0x000000e0   Code   RO          275    i.SetSysClockTo72   system_stm32f10x.o
    0x08002350   0x000001a8   Code   RO         3443    i.SpeedControl      user_foc.o
    0x080024f8   0x0000005c   Code   RO         3528    i.Speed_Filt        user_position.o
    0x08002554   0x00000028   Code   RO          330    i.SysTick_CLKSourceConfig  misc.o
    0x0800257c   0x00000002   Code   RO          197    i.SysTick_Handler   stm32f10x_it.o
    0x0800257e   0x00000002   PAD
    0x08002580   0x00000060   Code   RO          277    i.SystemInit        system_stm32f10x.o
    0x080025e0   0x000000d0   Code   RO            1    i.TIM1_UP_IRQHandler  main.o
    0x080026b0   0x00000002   Code   RO          198    i.TIM2_IRQHandler   stm32f10x_it.o
    0x080026b2   0x00000002   PAD
    0x080026b4   0x00000024   Code   RO          199    i.TIM3_IRQHandler   stm32f10x_it.o
    0x080026d8   0x00000098   Code   RO         3623    i.TIME_Configuration  user_time.o
    0x08002770   0x00000018   Code   RO         2541    i.TIM_ARRPreloadConfig  stm32f10x_tim.o
    0x08002788   0x00000020   Code   RO         2542    i.TIM_BDTRConfig    stm32f10x_tim.o
    0x080027a8   0x00000006   Code   RO         2547    i.TIM_ClearFlag     stm32f10x_tim.o
    0x080027ae   0x00000006   Code   RO         2548    i.TIM_ClearITPendingBit  stm32f10x_tim.o
    0x080027b4   0x00000018   Code   RO         2553    i.TIM_Cmd           stm32f10x_tim.o
    0x080027cc   0x0000001e   Code   RO         2555    i.TIM_CtrlPWMOutputs  stm32f10x_tim.o
    0x080027ea   0x00000022   Code   RO         2574    i.TIM_GetITStatus   stm32f10x_tim.o
    0x0800280c   0x00000012   Code   RO         2578    i.TIM_ITConfig      stm32f10x_tim.o
    0x0800281e   0x00000002   PAD
    0x08002820   0x00000098   Code   RO         2582    i.TIM_OC1Init       stm32f10x_tim.o
    0x080028b8   0x00000012   Code   RO         2585    i.TIM_OC1PreloadConfig  stm32f10x_tim.o
    0x080028ca   0x00000002   PAD
    0x080028cc   0x000000a4   Code   RO         2587    i.TIM_OC2Init       stm32f10x_tim.o
    0x08002970   0x0000001a   Code   RO         2590    i.TIM_OC2PreloadConfig  stm32f10x_tim.o
    0x0800298a   0x00000002   PAD
    0x0800298c   0x000000a0   Code   RO         2592    i.TIM_OC3Init       stm32f10x_tim.o
    0x08002a2c   0x00000012   Code   RO         2595    i.TIM_OC3PreloadConfig  stm32f10x_tim.o
    0x08002a3e   0x00000004   Code   RO         2614    i.TIM_SetCompare1   stm32f10x_tim.o
    0x08002a42   0x00000004   Code   RO         2615    i.TIM_SetCompare2   stm32f10x_tim.o
    0x08002a46   0x00000004   Code   RO         2616    i.TIM_SetCompare3   stm32f10x_tim.o
    0x08002a4a   0x00000002   PAD
    0x08002a4c   0x000000a4   Code   RO         2624    i.TIM_TimeBaseInit  stm32f10x_tim.o
    0x08002af0   0x00000040   Code   RO            2    i.Task_100ms        main.o
    0x08002b30   0x00000038   Code   RO            3    i.Task_10ms         main.o
    0x08002b68   0x00000044   Code   RO            4    i.Task_1ms          main.o
    0x08002bac   0x00000024   Code   RO         3713    i.USART3_IRQHandler  rs485.o
    0x08002bd0   0x00000018   Code   RO         3089    i.USART_Cmd         stm32f10x_usart.o
    0x08002be8   0x00000054   Code   RO         3093    i.USART_GetITStatus  stm32f10x_usart.o
    0x08002c3c   0x0000004a   Code   RO         3095    i.USART_ITConfig    stm32f10x_usart.o
    0x08002c86   0x00000002   PAD
    0x08002c88   0x000000d8   Code   RO         3096    i.USART_Init        stm32f10x_usart.o
    0x08002d60   0x0000000a   Code   RO         3103    i.USART_ReceiveData  stm32f10x_usart.o
    0x08002d6a   0x00000004   Code   RO          200    i.UsageFault_Handler  stm32f10x_it.o
    0x08002d6e   0x00000074   Code   RO         3639    i.VctPIRegCalcNewAnti  math.o
    0x08002de2   0x00000010   Code   RO         3641    i._IQmpy            math.o
    0x08002df2   0x00000002   PAD
    0x08002df4   0x00000044   Code   RO         3778    i.delay_init        delay.o
    0x08002e38   0x0000004c   Code   RO         3779    i.delay_ms          delay.o
    0x08002e84   0x000000a4   Code   RO            5    i.main              main.o
    0x08002f28   0x00000062   Code   RO         3815    x$fpl$d2f           fz_ws.l(d2f.o)
    0x08002f8a   0x00000002   PAD
    0x08002f8c   0x000002b0   Code   RO         3818    x$fpl$ddiv          fz_ws.l(ddiv.o)
    0x0800323c   0x0000002e   Code   RO         3826    x$fpl$dflt          fz_ws.l(dflt_clz.o)
    0x0800326a   0x0000009c   Code   RO         3850    x$fpl$dnaninf       fz_ws.l(dnaninf.o)
    0x08003306   0x0000000c   Code   RO         3852    x$fpl$dretinf       fz_ws.l(dretinf.o)
    0x08003312   0x00000002   PAD
    0x08003314   0x00000056   Code   RO         3833    x$fpl$f2d           fz_ws.l(f2d.o)
    0x0800336a   0x00000002   PAD
    0x0800336c   0x00000036   Code   RO         3835    x$fpl$ffix          fz_ws.l(ffix.o)
    0x080033a2   0x00000002   PAD
    0x080033a4   0x00000030   Code   RO         3840    x$fpl$fflt          fz_ws.l(fflt_clz.o)
    0x080033d4   0x00000026   Code   RO         3839    x$fpl$ffltu         fz_ws.l(fflt_clz.o)
    0x080033fa   0x00000002   PAD
    0x080033fc   0x00000102   Code   RO         3845    x$fpl$fmul          fz_ws.l(fmul.o)
    0x080034fe   0x0000008c   Code   RO         3854    x$fpl$fnaninf       fz_ws.l(fnaninf.o)
    0x0800358a   0x0000000a   Code   RO         3856    x$fpl$fretinf       fz_ws.l(fretinf.o)
    0x08003594   0x00000000   Code   RO         3858    x$fpl$usenofp       fz_ws.l(usenofp.o)
    0x08003594   0x00000008   Data   RO         3531    .constdata          user_position.o
    0x0800359c   0x00000020   Data   RO         4020    Region$$Table       anon$$obj.o


    Execution Region RW_IRAM1 (Base: 0x20000000, Size: 0x000007d0, Max: 0x00005000, ABSOLUTE)

    Base Addr    Size         Type   Attr      Idx    E Section Name        Object

    0x20000000   0x00000010   Data   RW            6    .data               main.o
    0x20000010   0x00000014   Data   RW          278    .data               system_stm32f10x.o
    0x20000024   0x00000014   Data   RW         1949    .data               stm32f10x_rcc.o
    0x20000038   0x0000001c   Data   RW         3325    .data               user_adc.o
    0x20000054   0x00000018   Data   RW         3403    .data               user_can.o
    0x2000006c   0x00000008   Data   RW         3445    .data               user_foc.o
    0x20000074   0x00000014   Data   RW         3532    .data               user_position.o
    0x20000088   0x00000010   Data   RW         3669    .data               user_fault.o
    0x20000098   0x0000000c   Data   RW         3688    .data               drv8305.o
    0x200000a4   0x00000002   Data   RW         3715    .data               rs485.o
    0x200000a6   0x00000004   Data   RW         3781    .data               delay.o
    0x200000aa   0x00000002   PAD
    0x200000ac   0x00000018   Zero   RW         3324    .bss                user_adc.o
    0x200000c4   0x0000003c   Zero   RW         3402    .bss                user_can.o
    0x20000100   0x00000048   Zero   RW         3444    .bss                user_foc.o
    0x20000148   0x00000028   Zero   RW         3530    .bss                user_position.o
    0x20000170   0x00000060   Zero   RW         3891    .bss                c_w.l(libspace.o)
    0x200001d0   0x00000200   Zero   RW          320    HEAP                startup_stm32f10x_hd.o
    0x200003d0   0x00000400   Zero   RW          319    STACK               startup_stm32f10x_hd.o


==============================================================================

Image component sizes


      Code (inc. data)   RO Data    RW Data    ZI Data      Debug   Object Name

         0          0          0          0          0         32   core_cm3.o
       144         22          0          4          0       1144   delay.o
       380         46          0         12          0       1646   drv8305.o
       560         78          0         16          0     269461   main.o
       156          0          0          0          0       1785   math.o
       152         12          0          0          0     224366   misc.o
       252         24          0          2          0       1776   rs485.o
        64         26        304          0       1536        792   startup_stm32f10x_hd.o
       482         24          0          0          0       7750   stm32f10x_adc.o
      1264         28          0          0          0       4999   stm32f10x_can.o
       488         26          0          0          0       4442   stm32f10x_dma.o
        52         12          0          0          0       1096   stm32f10x_exti.o
       430          6          0          0          0       3774   stm32f10x_gpio.o
       224         34          0          0          0       5303   stm32f10x_it.o
       396         56          0         20          0       6559   stm32f10x_rcc.o
       112          0          0          0          0       3730   stm32f10x_spi.o
       888         82          0          0          0      10972   stm32f10x_tim.o
       408          6          0          0          0       4862   stm32f10x_usart.o
       328         28          0         20          0       2165   system_stm32f10x.o
       740         82          0         28         24       4907   user_adc.o
       824         84          0         24         60       3801   user_can.o
        60          8          0         16          0       1566   user_fault.o
      1140         98          0          8         72       3913   user_foc.o
      1324        116          8         20         40       6279   user_position.o
       448         20          0          0          0       1265   user_pwm.o
       152         10          0          0          0        577   user_time.o

    ----------------------------------------------------------------------
     11498        928        344        172       1732     578962   Object Totals
         0          0         32          0          0          0   (incl. Generated)
        30          0          0          2          0          0   (incl. Padding)

    ----------------------------------------------------------------------

      Code (inc. data)   RO Data    RW Data    ZI Data      Debug   Library Member Name

         8          0          0          0          0         68   __main.o
         0          0          0          0          0          0   __rtentry.o
        12          0          0          0          0          0   __rtentry2.o
         6          0          0          0          0          0   __rtentry4.o
        52          8          0          0          0          0   __scatter.o
        26          0          0          0          0          0   __scatter_copy.o
        28          0          0          0          0          0   __scatter_zi.o
        12          0          0          0          0         72   exit.o
         6          0          0          0          0        152   heapauxi.o
         0          0          0          0          0          0   indicate_semi.o
         2          0          0          0          0          0   libinit.o
         2          0          0          0          0          0   libinit2.o
         2          0          0          0          0          0   libshutdown.o
         2          0          0          0          0          0   libshutdown2.o
         8          4          0          0         96         68   libspace.o
         2          0          0          0          0          0   rtexit.o
        10          0          0          0          0          0   rtexit2.o
        12          4          0          0          0         68   sys_exit.o
        74          0          0          0          0         80   sys_stackheap_outer.o
         2          0          0          0          0         68   use_no_semi.o
        98          4          0          0          0         92   d2f.o
       688        140          0          0          0        208   ddiv.o
        46          0          0          0          0         68   dflt_clz.o
       156          4          0          0          0         92   dnaninf.o
        12          0          0          0          0         68   dretinf.o
        86          4          0          0          0         84   f2d.o
        54          4          0          0          0         84   ffix.o
        86          0          0          0          0        136   fflt_clz.o
       258          4          0          0          0         84   fmul.o
       140          4          0          0          0         84   fnaninf.o
        10          0          0          0          0         68   fretinf.o
         0          0          0          0          0          0   usenofp.o

    ----------------------------------------------------------------------
      1914        180          0          0         96       1644   Library Totals
        14          0          0          0          0          0   (incl. Padding)

    ----------------------------------------------------------------------

      Code (inc. data)   RO Data    RW Data    ZI Data      Debug   Library Name

       266         16          0          0         96        576   c_w.l
      1634        164          0          0          0       1068   fz_ws.l

    ----------------------------------------------------------------------
      1914        180          0          0         96       1644   Library Totals

    ----------------------------------------------------------------------

==============================================================================


      Code (inc. data)   RO Data    RW Data    ZI Data      Debug   

     13412       1108        344        172       1828     573946   Grand Totals
     13412       1108        344        172       1828     573946   ELF Image Totals
     13412       1108        344        172          0          0   ROM Totals

==============================================================================

    Total RO  Size (Code + RO Data)                13756 (  13.43kB)
    Total RW  Size (RW Data + ZI Data)              2000 (   1.95kB)
    Total ROM Size (Code + RO Data + RW Data)      13928 (  13.60kB)

==============================================================================

